// Jest Snapshot v1, https://goo.gl/fbAQLP

exports[`SystemNameColumn Should match snapshot when not opt out 1`] = `
<SystemNameColumn
  item={
    {
      "title": "Some system",
    }
  }
>
  <span>
    Some system
  </span>
</SystemNameColumn>
`;

exports[`SystemNameColumn Should match snapshot when not opt out 2`] = `
<SystemNameColumn
  item={
    {
      "title": "Some opt-out system",
    }
  }
  optOut={true}
>
  <span>
    Some opt-out system
    <Label>
      <span
        className="pf-c-label"
      >
        <span
          className="pf-c-label__content"
        >
          Disabled
        </span>
      </span>
    </Label>
  </span>
</SystemNameColumn>
`;
