// Jest Snapshot v1, https://goo.gl/fbAQLP

exports[`CVEPageOverview should render with data 1`] = `
<Fragment>
  <GridItem
    className=""
    lg={null}
    lgOffset={null}
    lgRowSpan={null}
    md={null}
    mdOffset={null}
    mdRowSpan={null}
    offset={null}
    rowSpan={null}
    sm={null}
    smOffset={null}
    smRowSpan={null}
    span={null}
    xl={null}
    xlOffset={null}
    xlRowSpan={null}
  >
    <Card
      className=""
      component="article"
      isHoverable={false}
    >
      <CardBody
        className=""
        component="div"
        isFilled={true}
      >
        <Split
          className=""
          component="div"
          gutter={null}
        >
          <SplitItem
            className="cve-header"
            isFilled={false}
            isMain={true}
          >
            <WithLoader
              loading={false}
            >
              <Grid
                className=""
                gutter={null}
                lg={null}
                md={null}
                sm={null}
                span={null}
                xl={null}
              >
                <GridItem
                  className=""
                  lg={null}
                  lgOffset={null}
                  lgRowSpan={null}
                  md={null}
                  mdOffset={null}
                  mdRowSpan={null}
                  offset={null}
                  rowSpan={null}
                  sm={null}
                  smOffset={null}
                  smRowSpan={null}
                  span={1}
                  xl={null}
                  xlOffset={null}
                  xlRowSpan={null}
                >
                  Important
                </GridItem>
                <GridItem
                  className=""
                  lg={null}
                  lgOffset={null}
                  lgRowSpan={null}
                  md={null}
                  mdOffset={null}
                  mdRowSpan={null}
                  offset={null}
                  rowSpan={null}
                  sm={null}
                  smOffset={null}
                  smRowSpan={null}
                  span={11}
                  xl={null}
                  xlOffset={null}
                  xlRowSpan={null}
                >
                  <Title
                    size="xl"
                  >
                    CVE-2016-0800
                  </Title>
                </GridItem>
                <GridItem
                  className=""
                  lg={null}
                  lgOffset={null}
                  lgRowSpan={null}
                  md={null}
                  mdOffset={null}
                  mdRowSpan={null}
                  offset={null}
                  rowSpan={null}
                  sm={null}
                  smOffset={null}
                  smRowSpan={null}
                  span={1}
                  xl={null}
                  xlOffset={null}
                  xlRowSpan={null}
                />
                <GridItem
                  className=""
                  lg={null}
                  lgOffset={null}
                  lgRowSpan={null}
                  md={null}
                  mdOffset={null}
                  mdRowSpan={null}
                  offset={null}
                  rowSpan={null}
                  sm={null}
                  smOffset={null}
                  smRowSpan={null}
                  span={11}
                  xl={null}
                  xlOffset={null}
                  xlRowSpan={null}
                >
                  <Title
                    size="md"
                  >
                    CVSS Base Score: 
                  </Title>
                </GridItem>
              </Grid>
            </WithLoader>
          </SplitItem>
          <SplitItem
            className=""
            isFilled={false}
          >
            <Title
              size="md"
            >
              Publish Date: 
              1970-01-01 00:00:00
            </Title>
          </SplitItem>
        </Split>
      </CardBody>
    </Card>
  </GridItem>
  <Card
    className="cve-overview-card"
    component="article"
    isHoverable={false}
  >
    <CardBody
      className=""
      component="div"
      isFilled={true}
    >
      <Grid
        className=""
        gutter={null}
        lg={null}
        md={null}
        sm={null}
        span={null}
        xl={null}
      >
        <GridItem
          className=""
          lg={null}
          lgOffset={null}
          lgRowSpan={null}
          md={null}
          mdOffset={null}
          mdRowSpan={null}
          offset={2}
          rowSpan={null}
          sm={null}
          smOffset={null}
          smRowSpan={null}
          span={8}
          xl={null}
          xlOffset={null}
          xlRowSpan={null}
        >
          <Level
            className=""
            gutter={null}
            style={
              Object {
                "textAlign": "center",
              }
            }
          >
            <LevelItem>
              <WithLoader
                loading={false}
                variant="cvePageOverviewItem"
              >
                <Stack
                  className=""
                  component="div"
                  gutter={null}
                >
                  <StackItem
                    className=""
                    isFilled={false}
                  >
                    Important
                  </StackItem>
                  <StackItem
                    className=""
                    isFilled={false}
                  >
                    Impact
                  </StackItem>
                </Stack>
              </WithLoader>
            </LevelItem>
            <LevelItem>
              <WithLoader
                loading={false}
                variant="cvePageOverviewItem"
              >
                <Stack
                  className=""
                  component="div"
                  gutter={null}
                >
                  <StackItem
                    className=""
                    isFilled={false}
                  >
                    1970-01-01 00:00:00
                  </StackItem>
                  <StackItem
                    className=""
                    isFilled={false}
                  >
                    Public Date
                  </StackItem>
                </Stack>
              </WithLoader>
            </LevelItem>
            <LevelItem>
              <WithLoader
                loading={false}
                variant="cvePageOverviewItem"
              >
                <Stack
                  className=""
                  component="div"
                  gutter={null}
                >
                  <StackItem
                    className=""
                    isFilled={false}
                  />
                  <StackItem
                    className=""
                    isFilled={false}
                  >
                    Reference
                  </StackItem>
                </Stack>
              </WithLoader>
            </LevelItem>
          </Level>
        </GridItem>
      </Grid>
    </CardBody>
  </Card>
</Fragment>
`;

exports[`CVEPageOverview should render with enabled WithLoader 1`] = `
<Fragment>
  <GridItem
    className=""
    lg={null}
    lgOffset={null}
    lgRowSpan={null}
    md={null}
    mdOffset={null}
    mdRowSpan={null}
    offset={null}
    rowSpan={null}
    sm={null}
    smOffset={null}
    smRowSpan={null}
    span={null}
    xl={null}
    xlOffset={null}
    xlRowSpan={null}
  >
    <Card
      className=""
      component="article"
      isHoverable={false}
    >
      <CardBody
        className=""
        component="div"
        isFilled={true}
      >
        <Split
          className=""
          component="div"
          gutter={null}
        >
          <SplitItem
            className="cve-header"
            isFilled={false}
            isMain={true}
          >
            <WithLoader
              loading={true}
            >
              <Grid
                className=""
                gutter={null}
                lg={null}
                md={null}
                sm={null}
                span={null}
                xl={null}
              >
                <GridItem
                  className=""
                  lg={null}
                  lgOffset={null}
                  lgRowSpan={null}
                  md={null}
                  mdOffset={null}
                  mdRowSpan={null}
                  offset={null}
                  rowSpan={null}
                  sm={null}
                  smOffset={null}
                  smRowSpan={null}
                  span={1}
                  xl={null}
                  xlOffset={null}
                  xlRowSpan={null}
                />
                <GridItem
                  className=""
                  lg={null}
                  lgOffset={null}
                  lgRowSpan={null}
                  md={null}
                  mdOffset={null}
                  mdRowSpan={null}
                  offset={null}
                  rowSpan={null}
                  sm={null}
                  smOffset={null}
                  smRowSpan={null}
                  span={11}
                  xl={null}
                  xlOffset={null}
                  xlRowSpan={null}
                >
                  <Title
                    size="xl"
                  >
                    CVE-2016-0800
                  </Title>
                </GridItem>
                <GridItem
                  className=""
                  lg={null}
                  lgOffset={null}
                  lgRowSpan={null}
                  md={null}
                  mdOffset={null}
                  mdRowSpan={null}
                  offset={null}
                  rowSpan={null}
                  sm={null}
                  smOffset={null}
                  smRowSpan={null}
                  span={1}
                  xl={null}
                  xlOffset={null}
                  xlRowSpan={null}
                />
                <GridItem
                  className=""
                  lg={null}
                  lgOffset={null}
                  lgRowSpan={null}
                  md={null}
                  mdOffset={null}
                  mdRowSpan={null}
                  offset={null}
                  rowSpan={null}
                  sm={null}
                  smOffset={null}
                  smRowSpan={null}
                  span={11}
                  xl={null}
                  xlOffset={null}
                  xlRowSpan={null}
                >
                  <Title
                    size="md"
                  >
                    CVSS Base Score: 
                  </Title>
                </GridItem>
              </Grid>
            </WithLoader>
          </SplitItem>
          <SplitItem
            className=""
            isFilled={false}
          >
            <Title
              size="md"
            >
              Publish Date: 
            </Title>
          </SplitItem>
        </Split>
      </CardBody>
    </Card>
  </GridItem>
  <Card
    className="cve-overview-card"
    component="article"
    isHoverable={false}
  >
    <CardBody
      className=""
      component="div"
      isFilled={true}
    >
      <Grid
        className=""
        gutter={null}
        lg={null}
        md={null}
        sm={null}
        span={null}
        xl={null}
      >
        <GridItem
          className=""
          lg={null}
          lgOffset={null}
          lgRowSpan={null}
          md={null}
          mdOffset={null}
          mdRowSpan={null}
          offset={2}
          rowSpan={null}
          sm={null}
          smOffset={null}
          smRowSpan={null}
          span={8}
          xl={null}
          xlOffset={null}
          xlRowSpan={null}
        >
          <Level
            className=""
            gutter={null}
            style={
              Object {
                "textAlign": "center",
              }
            }
          >
            <LevelItem>
              <WithLoader
                loading={true}
                variant="cvePageOverviewItem"
              >
                <Stack
                  className=""
                  component="div"
                  gutter={null}
                >
                  <StackItem
                    className=""
                    isFilled={false}
                  />
                  <StackItem
                    className=""
                    isFilled={false}
                  >
                    Impact
                  </StackItem>
                </Stack>
              </WithLoader>
            </LevelItem>
            <LevelItem>
              <WithLoader
                loading={true}
                variant="cvePageOverviewItem"
              >
                <Stack
                  className=""
                  component="div"
                  gutter={null}
                >
                  <StackItem
                    className=""
                    isFilled={false}
                  />
                  <StackItem
                    className=""
                    isFilled={false}
                  >
                    Public Date
                  </StackItem>
                </Stack>
              </WithLoader>
            </LevelItem>
            <LevelItem>
              <WithLoader
                loading={true}
                variant="cvePageOverviewItem"
              >
                <Stack
                  className=""
                  component="div"
                  gutter={null}
                >
                  <StackItem
                    className=""
                    isFilled={false}
                  />
                  <StackItem
                    className=""
                    isFilled={false}
                  >
                    Reference
                  </StackItem>
                </Stack>
              </WithLoader>
            </LevelItem>
          </Level>
        </GridItem>
      </Grid>
    </CardBody>
  </Card>
</Fragment>
`;

exports[`CVEPageOverview should render without data 1`] = `
<Fragment>
  <GridItem
    className=""
    lg={null}
    lgOffset={null}
    lgRowSpan={null}
    md={null}
    mdOffset={null}
    mdRowSpan={null}
    offset={null}
    rowSpan={null}
    sm={null}
    smOffset={null}
    smRowSpan={null}
    span={null}
    xl={null}
    xlOffset={null}
    xlRowSpan={null}
  >
    <Card
      className=""
      component="article"
      isHoverable={false}
    >
      <CardBody
        className=""
        component="div"
        isFilled={true}
      >
        <Split
          className=""
          component="div"
          gutter={null}
        >
          <SplitItem
            className="cve-header"
            isFilled={false}
            isMain={true}
          >
            <WithLoader
              loading={false}
            >
              <Grid
                className=""
                gutter={null}
                lg={null}
                md={null}
                sm={null}
                span={null}
                xl={null}
              >
                <GridItem
                  className=""
                  lg={null}
                  lgOffset={null}
                  lgRowSpan={null}
                  md={null}
                  mdOffset={null}
                  mdRowSpan={null}
                  offset={null}
                  rowSpan={null}
                  sm={null}
                  smOffset={null}
                  smRowSpan={null}
                  span={1}
                  xl={null}
                  xlOffset={null}
                  xlRowSpan={null}
                />
                <GridItem
                  className=""
                  lg={null}
                  lgOffset={null}
                  lgRowSpan={null}
                  md={null}
                  mdOffset={null}
                  mdRowSpan={null}
                  offset={null}
                  rowSpan={null}
                  sm={null}
                  smOffset={null}
                  smRowSpan={null}
                  span={11}
                  xl={null}
                  xlOffset={null}
                  xlRowSpan={null}
                >
                  <Title
                    size="xl"
                  >
                    CVE-2016-0800
                  </Title>
                </GridItem>
                <GridItem
                  className=""
                  lg={null}
                  lgOffset={null}
                  lgRowSpan={null}
                  md={null}
                  mdOffset={null}
                  mdRowSpan={null}
                  offset={null}
                  rowSpan={null}
                  sm={null}
                  smOffset={null}
                  smRowSpan={null}
                  span={1}
                  xl={null}
                  xlOffset={null}
                  xlRowSpan={null}
                />
                <GridItem
                  className=""
                  lg={null}
                  lgOffset={null}
                  lgRowSpan={null}
                  md={null}
                  mdOffset={null}
                  mdRowSpan={null}
                  offset={null}
                  rowSpan={null}
                  sm={null}
                  smOffset={null}
                  smRowSpan={null}
                  span={11}
                  xl={null}
                  xlOffset={null}
                  xlRowSpan={null}
                >
                  <Title
                    size="md"
                  >
                    CVSS Base Score: 
                  </Title>
                </GridItem>
              </Grid>
            </WithLoader>
          </SplitItem>
          <SplitItem
            className=""
            isFilled={false}
          >
            <Title
              size="md"
            >
              Publish Date: 
            </Title>
          </SplitItem>
        </Split>
      </CardBody>
    </Card>
  </GridItem>
  <Card
    className="cve-overview-card"
    component="article"
    isHoverable={false}
  >
    <CardBody
      className=""
      component="div"
      isFilled={true}
    >
      <Grid
        className=""
        gutter={null}
        lg={null}
        md={null}
        sm={null}
        span={null}
        xl={null}
      >
        <GridItem
          className=""
          lg={null}
          lgOffset={null}
          lgRowSpan={null}
          md={null}
          mdOffset={null}
          mdRowSpan={null}
          offset={2}
          rowSpan={null}
          sm={null}
          smOffset={null}
          smRowSpan={null}
          span={8}
          xl={null}
          xlOffset={null}
          xlRowSpan={null}
        >
          <Level
            className=""
            gutter={null}
            style={
              Object {
                "textAlign": "center",
              }
            }
          >
            <LevelItem>
              <WithLoader
                loading={false}
                variant="cvePageOverviewItem"
              >
                <Stack
                  className=""
                  component="div"
                  gutter={null}
                >
                  <StackItem
                    className=""
                    isFilled={false}
                  />
                  <StackItem
                    className=""
                    isFilled={false}
                  >
                    Impact
                  </StackItem>
                </Stack>
              </WithLoader>
            </LevelItem>
            <LevelItem>
              <WithLoader
                loading={false}
                variant="cvePageOverviewItem"
              >
                <Stack
                  className=""
                  component="div"
                  gutter={null}
                >
                  <StackItem
                    className=""
                    isFilled={false}
                  />
                  <StackItem
                    className=""
                    isFilled={false}
                  >
                    Public Date
                  </StackItem>
                </Stack>
              </WithLoader>
            </LevelItem>
            <LevelItem>
              <WithLoader
                loading={false}
                variant="cvePageOverviewItem"
              >
                <Stack
                  className=""
                  component="div"
                  gutter={null}
                >
                  <StackItem
                    className=""
                    isFilled={false}
                  />
                  <StackItem
                    className=""
                    isFilled={false}
                  >
                    Reference
                  </StackItem>
                </Stack>
              </WithLoader>
            </LevelItem>
          </Level>
        </GridItem>
      </Grid>
    </CardBody>
  </Card>
</Fragment>
`;
