// Jest Snapshot v1, https://goo.gl/fbAQLP

exports[`WithLoader component should render with bulletList variant 1`] = `<BulletListStyle />`;

exports[`WithLoader component should render with currentVulnerabilitiesItem variant 1`] = `<CurrentVulnerabilitiesItemLoader />`;

exports[`WithLoader component should render with cvePageOverviewItem variant 1`] = `<CVEPageOverviewItemLoader />`;

exports[`WithLoader component should render with list variant 1`] = `<ListStyle />`;

exports[`WithLoader component should render with loading prop is false 1`] = `""`;

exports[`WithLoader component should render with loading prop is true 1`] = `
<Holder
  style={
    Object {
      "maxHeight": "100px",
      "width": "100%",
    }
  }
  width="100%"
/>
`;

exports[`WithLoader component should render with loading prop is undefined 1`] = `
<Holder
  style={
    Object {
      "maxHeight": "100px",
      "width": "100%",
    }
  }
  width="100%"
/>
`;

exports[`WithLoader component should render with trendBox variant 1`] = `<TrendBoxLoader />`;

exports[`WithLoader component should render without props 1`] = `
<Holder
  style={
    Object {
      "maxHeight": "100px",
      "width": "100%",
    }
  }
  width="100%"
/>
`;
