// Jest Snapshot v1, https://goo.gl/fbAQLP

exports[`KebabItems component Should render without default params 1`] = `
<Provider
  store={
    {
      "clearActions": [Function],
      "dispatch": [Function],
      "getActions": [Function],
      "getState": [Function],
      "replaceReducer": [Function],
      "subscribe": [Function],
    }
  }
>
  <BrowserRouter>
    <Router
      location={
        {
          "hash": "",
          "key": "default",
          "pathname": "/",
          "search": "",
          "state": null,
        }
      }
      navigationType="POP"
      navigator={
        {
          "action": "POP",
          "createHref": [Function],
          "createURL": [Function],
          "encodeLocation": [Function],
          "go": [Function],
          "listen": [Function],
          "location": {
            "hash": "",
            "key": "default",
            "pathname": "/",
            "search": "",
            "state": null,
          },
          "push": [Function],
          "replace": [Function],
        }
      }
    >
      <Dropdown
        dropdownItems={
          [
            <DropdownItem
              component="button"
              onClick={[Function]}
            >
              <Memo(MemoizedFormattedMessage)
                defaultMessage="Edit business risk"
                description="Kebab item"
                id="kebab.editBusinnesRisk"
              />
            </DropdownItem>,
            <DropdownItem
              component="button"
              onClick={[Function]}
            >
              <Memo(MemoizedFormattedMessage)
                defaultMessage="Edit status"
                description="Kebab item"
                id="kebab.editStatus"
              />
            </DropdownItem>,
          ]
        }
        isOpen={true}
        toggle={
          <DropdownToggle
            onToggle={[Function]}
          />
        }
      >
        <DropdownWithContext
          autoFocus={true}
          className=""
          direction="down"
          dropdownItems={
            [
              <DropdownItem
                component="button"
                onClick={[Function]}
              >
                <Memo(MemoizedFormattedMessage)
                  defaultMessage="Edit business risk"
                  description="Kebab item"
                  id="kebab.editBusinnesRisk"
                />
              </DropdownItem>,
              <DropdownItem
                component="button"
                onClick={[Function]}
              >
                <Memo(MemoizedFormattedMessage)
                  defaultMessage="Edit status"
                  description="Kebab item"
                  id="kebab.editStatus"
                />
              </DropdownItem>,
            ]
          }
          isFlipEnabled={true}
          isGrouped={false}
          isOpen={true}
          isPlain={false}
          isText={false}
          menuAppendTo="inline"
          onSelect={[Function]}
          position="left"
          removeFindDomNode={false}
          toggle={
            <DropdownToggle
              onToggle={[Function]}
            />
          }
          zIndex={9999}
        >
          <div
            className="pf-c-dropdown pf-m-expanded"
            data-ouia-component-id="OUIA-Generated-Dropdown-1"
            data-ouia-component-type="PF4/Dropdown"
            data-ouia-safe={true}
          >
            <DropdownToggle
              aria-haspopup={true}
              getMenuRef={[Function]}
              id="pf-dropdown-toggle-id-0"
              isOpen={true}
              isPlain={false}
              isText={false}
              key=".0"
              onEnter={[Function]}
              onToggle={[Function]}
              parentRef={
                {
                  "current": <div
                    class="pf-c-dropdown pf-m-expanded"
                    data-ouia-component-id="OUIA-Generated-Dropdown-1"
                    data-ouia-component-type="PF4/Dropdown"
                    data-ouia-safe="true"
                  >
                    <button
                      aria-expanded="true"
                      aria-haspopup="true"
                      class="pf-c-dropdown__toggle"
                      data-ouia-component-id="OUIA-Generated-DropdownToggle-1"
                      data-ouia-component-type="PF4/DropdownToggle"
                      data-ouia-safe="true"
                      id="pf-dropdown-toggle-id-0"
                      type="button"
                    >
                      <span
                        class="pf-c-dropdown__toggle-icon"
                      >
                        <svg
                          aria-hidden="true"
                          fill="currentColor"
                          height="1em"
                          role="img"
                          style="vertical-align: -0.125em;"
                          viewBox="0 0 320 512"
                          width="1em"
                        >
                          <path
                            d="M31.3 192h257.3c17.8 0 26.7 21.5 14.1 34.1L174.1 354.8c-7.8 7.8-20.5 7.8-28.3 0L17.2 226.1C4.6 213.5 13.5 192 31.3 192z"
                          />
                        </svg>
                      </span>
                    </button>
                    <ul
                      aria-labelledby="pf-dropdown-toggle-id-0"
                      class="pf-c-dropdown__menu"
                      role="menu"
                    >
                      <li
                        role="none"
                      >
                        <button
                          aria-disabled="false"
                          class="pf-c-dropdown__menu-item"
                          data-ouia-component-id="OUIA-Generated-DropdownItem-1"
                          data-ouia-component-type="PF4/DropdownItem"
                          data-ouia-safe="true"
                          role="menuitem"
                          tabindex="-1"
                          type="button"
                        >
                          Edit business risk
                        </button>
                      </li>
                      <li
                        role="none"
                      >
                        <button
                          aria-disabled="false"
                          class="pf-c-dropdown__menu-item"
                          data-ouia-component-id="OUIA-Generated-DropdownItem-2"
                          data-ouia-component-type="PF4/DropdownItem"
                          data-ouia-safe="true"
                          role="menuitem"
                          tabindex="-1"
                          type="button"
                        >
                          Edit status
                        </button>
                      </li>
                    </ul>
                  </div>,
                }
              }
            >
              <Toggle
                aria-haspopup={true}
                bubbleEvent={false}
                className=""
                data-ouia-component-id="OUIA-Generated-DropdownToggle-1"
                data-ouia-component-type="PF4/DropdownToggle"
                data-ouia-safe={true}
                getMenuRef={[Function]}
                id="pf-dropdown-toggle-id-0"
                isActive={false}
                isDisabled={false}
                isOpen={true}
                isPlain={false}
                isPrimary={false}
                isSplitButton={false}
                isText={false}
                onEnter={[Function]}
                onToggle={[Function]}
                parentRef={
                  {
                    "current": <div
                      class="pf-c-dropdown pf-m-expanded"
                      data-ouia-component-id="OUIA-Generated-Dropdown-1"
                      data-ouia-component-type="PF4/Dropdown"
                      data-ouia-safe="true"
                    >
                      <button
                        aria-expanded="true"
                        aria-haspopup="true"
                        class="pf-c-dropdown__toggle"
                        data-ouia-component-id="OUIA-Generated-DropdownToggle-1"
                        data-ouia-component-type="PF4/DropdownToggle"
                        data-ouia-safe="true"
                        id="pf-dropdown-toggle-id-0"
                        type="button"
                      >
                        <span
                          class="pf-c-dropdown__toggle-icon"
                        >
                          <svg
                            aria-hidden="true"
                            fill="currentColor"
                            height="1em"
                            role="img"
                            style="vertical-align: -0.125em;"
                            viewBox="0 0 320 512"
                            width="1em"
                          >
                            <path
                              d="M31.3 192h257.3c17.8 0 26.7 21.5 14.1 34.1L174.1 354.8c-7.8 7.8-20.5 7.8-28.3 0L17.2 226.1C4.6 213.5 13.5 192 31.3 192z"
                            />
                          </svg>
                        </span>
                      </button>
                      <ul
                        aria-labelledby="pf-dropdown-toggle-id-0"
                        class="pf-c-dropdown__menu"
                        role="menu"
                      >
                        <li
                          role="none"
                        >
                          <button
                            aria-disabled="false"
                            class="pf-c-dropdown__menu-item"
                            data-ouia-component-id="OUIA-Generated-DropdownItem-1"
                            data-ouia-component-type="PF4/DropdownItem"
                            data-ouia-safe="true"
                            role="menuitem"
                            tabindex="-1"
                            type="button"
                          >
                            Edit business risk
                          </button>
                        </li>
                        <li
                          role="none"
                        >
                          <button
                            aria-disabled="false"
                            class="pf-c-dropdown__menu-item"
                            data-ouia-component-id="OUIA-Generated-DropdownItem-2"
                            data-ouia-component-type="PF4/DropdownItem"
                            data-ouia-safe="true"
                            role="menuitem"
                            tabindex="-1"
                            type="button"
                          >
                            Edit status
                          </button>
                        </li>
                      </ul>
                    </div>,
                  }
                }
                toggleVariant="default"
              >
                <button
                  aria-expanded={true}
                  aria-haspopup={true}
                  className="pf-c-dropdown__toggle"
                  data-ouia-component-id="OUIA-Generated-DropdownToggle-1"
                  data-ouia-component-type="PF4/DropdownToggle"
                  data-ouia-safe={true}
                  disabled={false}
                  id="pf-dropdown-toggle-id-0"
                  onClick={[Function]}
                  onKeyDown={[Function]}
                  type="button"
                >
                  <span
                    className="pf-c-dropdown__toggle-icon"
                  >
                    <CaretDownIcon
                      color="currentColor"
                      noVerticalAlign={false}
                      size="sm"
                    >
                      <svg
                        aria-hidden={true}
                        aria-labelledby={null}
                        fill="currentColor"
                        height="1em"
                        role="img"
                        style={
                          {
                            "verticalAlign": "-0.125em",
                          }
                        }
                        viewBox="0 0 320 512"
                        width="1em"
                      >
                        <path
                          d="M31.3 192h257.3c17.8 0 26.7 21.5 14.1 34.1L174.1 354.8c-7.8 7.8-20.5 7.8-28.3 0L17.2 226.1C4.6 213.5 13.5 192 31.3 192z"
                        />
                      </svg>
                    </CaretDownIcon>
                  </span>
                </button>
              </Toggle>
            </DropdownToggle>
            <DropdownMenu
              aria-labelledby="pf-dropdown-toggle-id-0"
              autoFocus={false}
              className=""
              component="ul"
              isGrouped={false}
              isOpen={true}
              openedOnEnter={false}
              position="left"
              setMenuComponentRef={[Function]}
            >
              <ul
                aria-labelledby="pf-dropdown-toggle-id-0"
                autoFocus={false}
                className="pf-c-dropdown__menu"
                hidden={false}
                role="menu"
              >
                <DropdownItem
                  component="button"
                  index={0}
                  key=".$editBusinessRisk"
                  onClick={[Function]}
                >
                  <InternalDropdownItem
                    className=""
                    component="button"
                    context={
                      {
                        "keyHandler": [Function],
                        "sendRef": [Function],
                      }
                    }
                    data-ouia-component-id="OUIA-Generated-DropdownItem-1"
                    data-ouia-component-type="PF4/DropdownItem"
                    data-ouia-safe={true}
                    description={null}
                    enterTriggersArrowDown={false}
                    icon={null}
                    index={0}
                    inoperableEvents={
                      [
                        "onClick",
                        "onKeyPress",
                      ]
                    }
                    isAriaDisabled={false}
                    isDisabled={false}
                    isPlainText={false}
                    onClick={[Function]}
                    role="menuitem"
                    styleChildren={true}
                    tabIndex={-1}
                    tooltipProps={{}}
                  >
                    <li
                      onClick={[Function]}
                      onKeyDown={[Function]}
                      role="none"
                    >
                      <button
                        aria-disabled={false}
                        className="pf-c-dropdown__menu-item"
                        data-ouia-component-id="OUIA-Generated-DropdownItem-1"
                        data-ouia-component-type="PF4/DropdownItem"
                        data-ouia-safe={true}
                        role="menuitem"
                        tabIndex={-1}
                        type="button"
                      >
                        <FormattedMessage
                          defaultMessage="Edit business risk"
                          description="Kebab item"
                          id="kebab.editBusinnesRisk"
                        >
                          Edit business risk
                        </FormattedMessage>
                      </button>
                    </li>
                  </InternalDropdownItem>
                </DropdownItem>
                <DropdownItem
                  component="button"
                  index={1}
                  key=".$editStatus"
                  onClick={[Function]}
                >
                  <InternalDropdownItem
                    className=""
                    component="button"
                    context={
                      {
                        "keyHandler": [Function],
                        "sendRef": [Function],
                      }
                    }
                    data-ouia-component-id="OUIA-Generated-DropdownItem-2"
                    data-ouia-component-type="PF4/DropdownItem"
                    data-ouia-safe={true}
                    description={null}
                    enterTriggersArrowDown={false}
                    icon={null}
                    index={1}
                    inoperableEvents={
                      [
                        "onClick",
                        "onKeyPress",
                      ]
                    }
                    isAriaDisabled={false}
                    isDisabled={false}
                    isPlainText={false}
                    onClick={[Function]}
                    role="menuitem"
                    styleChildren={true}
                    tabIndex={-1}
                    tooltipProps={{}}
                  >
                    <li
                      onClick={[Function]}
                      onKeyDown={[Function]}
                      role="none"
                    >
                      <button
                        aria-disabled={false}
                        className="pf-c-dropdown__menu-item"
                        data-ouia-component-id="OUIA-Generated-DropdownItem-2"
                        data-ouia-component-type="PF4/DropdownItem"
                        data-ouia-safe={true}
                        role="menuitem"
                        tabIndex={-1}
                        type="button"
                      >
                        <FormattedMessage
                          defaultMessage="Edit status"
                          description="Kebab item"
                          id="kebab.editStatus"
                        >
                          Edit status
                        </FormattedMessage>
                      </button>
                    </li>
                  </InternalDropdownItem>
                </DropdownItem>
              </ul>
            </DropdownMenu>
          </div>
        </DropdownWithContext>
      </Dropdown>
    </Router>
  </BrowserRouter>
</Provider>
`;
