// Jest Snapshot v1, https://goo.gl/fbAQLP

exports[`DownloadReportKebab component Should render without params 1`] = `
<DownloadReportKebab>
  <div>
    <BaseKebab
      dropdownItems={
        Array [
          <DropdownItem
            component="button"
            onClick={[Function]}
          >
            <FormattedMessage
              defaultMessage="Export as JSON"
              description="Kebab item"
              id="kebab.exportAsJson"
            />
          </DropdownItem>,
          <DropdownItem
            component="button"
            onClick={[Function]}
          >
            <FormattedMessage
              defaultMessage="Export as CSV"
              description="Kebab item"
              id="kebab.exportAsCsv"
            />
          </DropdownItem>,
        ]
      }
    >
      <div>
        <Dropdown
          dropdownItems={
            Array [
              <DropdownItem
                component="button"
                onClick={[Function]}
              >
                <FormattedMessage
                  defaultMessage="Export as JSON"
                  description="Kebab item"
                  id="kebab.exportAsJson"
                />
              </DropdownItem>,
              <DropdownItem
                component="button"
                onClick={[Function]}
              >
                <FormattedMessage
                  defaultMessage="Export as CSV"
                  description="Kebab item"
                  id="kebab.exportAsCsv"
                />
              </DropdownItem>,
            ]
          }
          isOpen={false}
          isPlain={true}
          onSelect={[Function]}
          toggle={
            <KebabToggle
              onToggle={[Function]}
            />
          }
        >
          <DropdownWithContext
            autoFocus={true}
            className=""
            direction="down"
            dropdownItems={
              Array [
                <DropdownItem
                  component="button"
                  onClick={[Function]}
                >
                  <FormattedMessage
                    defaultMessage="Export as JSON"
                    description="Kebab item"
                    id="kebab.exportAsJson"
                  />
                </DropdownItem>,
                <DropdownItem
                  component="button"
                  onClick={[Function]}
                >
                  <FormattedMessage
                    defaultMessage="Export as CSV"
                    description="Kebab item"
                    id="kebab.exportAsCsv"
                  />
                </DropdownItem>,
              ]
            }
            isGrouped={false}
            isOpen={false}
            isPlain={true}
            menuAppendTo="inline"
            onSelect={[Function]}
            position="left"
            toggle={
              <KebabToggle
                onToggle={[Function]}
              />
            }
          >
            <div
              className="pf-c-dropdown"
              data-ouia-component-id="OUIA-Generated-Dropdown-1"
              data-ouia-component-type="PF4/Dropdown"
              data-ouia-safe={true}
            >
              <KebabToggle
                aria-haspopup={true}
                getMenuRef={[Function]}
                id="pf-dropdown-toggle-id-1"
                isOpen={false}
                isPlain={true}
                key=".0"
                onEnter={[Function]}
                onToggle={[Function]}
                parentRef={
                  Object {
                    "current": <div
                      class="pf-c-dropdown"
                      data-ouia-component-id="OUIA-Generated-Dropdown-1"
                      data-ouia-component-type="PF4/Dropdown"
                      data-ouia-safe="true"
                    >
                      <button
                        aria-expanded="false"
                        aria-haspopup="true"
                        aria-label="Actions"
                        class="pf-c-dropdown__toggle pf-m-plain"
                        id="pf-dropdown-toggle-id-1"
                        type="button"
                      >
                        <svg
                          aria-hidden="true"
                          fill="currentColor"
                          height="1em"
                          role="img"
                          style="vertical-align: -0.125em;"
                          viewBox="0 0 192 512"
                          width="1em"
                        >
                          <path
                            d="M96 184c39.8 0 72 32.2 72 72s-32.2 72-72 72-72-32.2-72-72 32.2-72 72-72zM24 80c0 39.8 32.2 72 72 72s72-32.2 72-72S135.8 8 96 8 24 40.2 24 80zm0 352c0 39.8 32.2 72 72 72s72-32.2 72-72-32.2-72-72-72-72 32.2-72 72z"
                          />
                        </svg>
                      </button>
                    </div>,
                  }
                }
              >
                <Toggle
                  aria-haspopup={true}
                  aria-label="Actions"
                  bubbleEvent={false}
                  className=""
                  getMenuRef={[Function]}
                  id="pf-dropdown-toggle-id-1"
                  isActive={false}
                  isDisabled={false}
                  isOpen={false}
                  isPlain={true}
                  isPrimary={false}
                  isSplitButton={false}
                  onEnter={[Function]}
                  onToggle={[Function]}
                  parentRef={
                    Object {
                      "current": <div
                        class="pf-c-dropdown"
                        data-ouia-component-id="OUIA-Generated-Dropdown-1"
                        data-ouia-component-type="PF4/Dropdown"
                        data-ouia-safe="true"
                      >
                        <button
                          aria-expanded="false"
                          aria-haspopup="true"
                          aria-label="Actions"
                          class="pf-c-dropdown__toggle pf-m-plain"
                          id="pf-dropdown-toggle-id-1"
                          type="button"
                        >
                          <svg
                            aria-hidden="true"
                            fill="currentColor"
                            height="1em"
                            role="img"
                            style="vertical-align: -0.125em;"
                            viewBox="0 0 192 512"
                            width="1em"
                          >
                            <path
                              d="M96 184c39.8 0 72 32.2 72 72s-32.2 72-72 72-72-32.2-72-72 32.2-72 72-72zM24 80c0 39.8 32.2 72 72 72s72-32.2 72-72S135.8 8 96 8 24 40.2 24 80zm0 352c0 39.8 32.2 72 72 72s72-32.2 72-72-32.2-72-72-72-72 32.2-72 72z"
                            />
                          </svg>
                        </button>
                      </div>,
                    }
                  }
                >
                  <button
                    aria-expanded={false}
                    aria-haspopup={true}
                    aria-label="Actions"
                    className="pf-c-dropdown__toggle pf-m-plain"
                    disabled={false}
                    id="pf-dropdown-toggle-id-1"
                    onClick={[Function]}
                    onKeyDown={[Function]}
                    type="button"
                  >
                    <EllipsisVIcon
                      color="currentColor"
                      noVerticalAlign={false}
                      size="sm"
                    >
                      <svg
                        aria-hidden={true}
                        aria-labelledby={null}
                        fill="currentColor"
                        height="1em"
                        role="img"
                        style={
                          Object {
                            "verticalAlign": "-0.125em",
                          }
                        }
                        viewBox="0 0 192 512"
                        width="1em"
                      >
                        <path
                          d="M96 184c39.8 0 72 32.2 72 72s-32.2 72-72 72-72-32.2-72-72 32.2-72 72-72zM24 80c0 39.8 32.2 72 72 72s72-32.2 72-72S135.8 8 96 8 24 40.2 24 80zm0 352c0 39.8 32.2 72 72 72s72-32.2 72-72-32.2-72-72-72-72 32.2-72 72z"
                        />
                      </svg>
                    </EllipsisVIcon>
                  </button>
                </Toggle>
              </KebabToggle>
            </div>
          </DropdownWithContext>
        </Dropdown>
      </div>
    </BaseKebab>
  </div>
</DownloadReportKebab>
`;
