// Jest Snapshot v1, https://goo.gl/fbAQLP

exports[`KebabItems component Should render without default params 1`] = `
<BaseKebab
  dropdownItems={
    Array [
      <DropdownItem
        component="button"
        onClick={[Function]}
      >
        <Memo(MemoizedFormattedMessage)
          defaultMessage="Export as JSON"
          description="Kebab item"
          id="kebab.exportAsJson"
        />
      </DropdownItem>,
      <DropdownItem
        component="button"
        onClick={[Function]}
      >
        <Memo(MemoizedFormattedMessage)
          defaultMessage="Export as CSV"
          description="Kebab item"
          id="kebab.exportAsCsv"
        />
      </DropdownItem>,
      <DropdownItem
        component="button"
        onClick={[Function]}
      >
        <Memo(MemoizedFormattedMessage)
          defaultMessage="Edit business risk"
          description="Kebab item"
          id="kebab.editBusinnesRisk"
        />
      </DropdownItem>,
      <DropdownItem
        component="button"
        onClick={[Function]}
      >
        <Memo(MemoizedFormattedMessage)
          defaultMessage="Edit status"
          description="Kebab item"
          id="kebab.editStatus"
        />
      </DropdownItem>,
    ]
  }
>
  <div>
    <Dropdown
      dropdownItems={
        Array [
          <DropdownItem
            component="button"
            onClick={[Function]}
          >
            <Memo(MemoizedFormattedMessage)
              defaultMessage="Export as JSON"
              description="Kebab item"
              id="kebab.exportAsJson"
            />
          </DropdownItem>,
          <DropdownItem
            component="button"
            onClick={[Function]}
          >
            <Memo(MemoizedFormattedMessage)
              defaultMessage="Export as CSV"
              description="Kebab item"
              id="kebab.exportAsCsv"
            />
          </DropdownItem>,
          <DropdownItem
            component="button"
            onClick={[Function]}
          >
            <Memo(MemoizedFormattedMessage)
              defaultMessage="Edit business risk"
              description="Kebab item"
              id="kebab.editBusinnesRisk"
            />
          </DropdownItem>,
          <DropdownItem
            component="button"
            onClick={[Function]}
          >
            <Memo(MemoizedFormattedMessage)
              defaultMessage="Edit status"
              description="Kebab item"
              id="kebab.editStatus"
            />
          </DropdownItem>,
        ]
      }
      isOpen={true}
      isPlain={true}
      onSelect={[Function]}
      toggle={
        <KebabToggle
          onToggle={[Function]}
        />
      }
    >
      <DropdownWithContext
        autoFocus={true}
        className=""
        direction="down"
        dropdownItems={
          Array [
            <DropdownItem
              component="button"
              onClick={[Function]}
            >
              <Memo(MemoizedFormattedMessage)
                defaultMessage="Export as JSON"
                description="Kebab item"
                id="kebab.exportAsJson"
              />
            </DropdownItem>,
            <DropdownItem
              component="button"
              onClick={[Function]}
            >
              <Memo(MemoizedFormattedMessage)
                defaultMessage="Export as CSV"
                description="Kebab item"
                id="kebab.exportAsCsv"
              />
            </DropdownItem>,
            <DropdownItem
              component="button"
              onClick={[Function]}
            >
              <Memo(MemoizedFormattedMessage)
                defaultMessage="Edit business risk"
                description="Kebab item"
                id="kebab.editBusinnesRisk"
              />
            </DropdownItem>,
            <DropdownItem
              component="button"
              onClick={[Function]}
            >
              <Memo(MemoizedFormattedMessage)
                defaultMessage="Edit status"
                description="Kebab item"
                id="kebab.editStatus"
              />
            </DropdownItem>,
          ]
        }
        isGrouped={false}
        isOpen={true}
        isPlain={true}
        menuAppendTo="inline"
        onSelect={[Function]}
        position="left"
        toggle={
          <KebabToggle
            onToggle={[Function]}
          />
        }
      >
        <div
          className="pf-c-dropdown pf-m-expanded"
          data-ouia-component-id="OUIA-Generated-Dropdown-1"
          data-ouia-component-type="PF4/Dropdown"
          data-ouia-safe={true}
        >
          <KebabToggle
            aria-haspopup={true}
            getMenuRef={[Function]}
            id="pf-dropdown-toggle-id-2"
            isOpen={true}
            isPlain={true}
            key=".0"
            onEnter={[Function]}
            onToggle={[Function]}
            parentRef={
              Object {
                "current": <div
                  class="pf-c-dropdown pf-m-expanded"
                  data-ouia-component-id="OUIA-Generated-Dropdown-1"
                  data-ouia-component-type="PF4/Dropdown"
                  data-ouia-safe="true"
                >
                  <button
                    aria-expanded="true"
                    aria-haspopup="true"
                    aria-label="Actions"
                    class="pf-c-dropdown__toggle pf-m-plain"
                    id="pf-dropdown-toggle-id-2"
                    type="button"
                  >
                    <svg
                      aria-hidden="true"
                      fill="currentColor"
                      height="1em"
                      role="img"
                      style="vertical-align: -0.125em;"
                      viewBox="0 0 192 512"
                      width="1em"
                    >
                      <path
                        d="M96 184c39.8 0 72 32.2 72 72s-32.2 72-72 72-72-32.2-72-72 32.2-72 72-72zM24 80c0 39.8 32.2 72 72 72s72-32.2 72-72S135.8 8 96 8 24 40.2 24 80zm0 352c0 39.8 32.2 72 72 72s72-32.2 72-72-32.2-72-72-72-72 32.2-72 72z"
                      />
                    </svg>
                  </button>
                  <ul
                    aria-labelledby="pf-dropdown-toggle-id-2"
                    class="pf-c-dropdown__menu"
                    role="menu"
                  >
                    <li
                      role="menuitem"
                    >
                      <button
                        aria-disabled="false"
                        class="pf-c-dropdown__menu-item"
                        data-ouia-component-id="OUIA-Generated-DropdownItem-1"
                        data-ouia-component-type="PF4/DropdownItem"
                        data-ouia-safe="true"
                        tabindex="-1"
                        type="button"
                      >
                        Export as JSON
                      </button>
                    </li>
                    <li
                      role="menuitem"
                    >
                      <button
                        aria-disabled="false"
                        class="pf-c-dropdown__menu-item"
                        data-ouia-component-id="OUIA-Generated-DropdownItem-2"
                        data-ouia-component-type="PF4/DropdownItem"
                        data-ouia-safe="true"
                        tabindex="-1"
                        type="button"
                      >
                        Export as CSV
                      </button>
                    </li>
                    <li
                      role="menuitem"
                    >
                      <button
                        aria-disabled="false"
                        class="pf-c-dropdown__menu-item"
                        data-ouia-component-id="OUIA-Generated-DropdownItem-3"
                        data-ouia-component-type="PF4/DropdownItem"
                        data-ouia-safe="true"
                        tabindex="-1"
                        type="button"
                      >
                        Edit business risk
                      </button>
                    </li>
                    <li
                      role="menuitem"
                    >
                      <button
                        aria-disabled="false"
                        class="pf-c-dropdown__menu-item"
                        data-ouia-component-id="OUIA-Generated-DropdownItem-4"
                        data-ouia-component-type="PF4/DropdownItem"
                        data-ouia-safe="true"
                        tabindex="-1"
                        type="button"
                      >
                        Edit status
                      </button>
                    </li>
                  </ul>
                </div>,
              }
            }
          >
            <Toggle
              aria-haspopup={true}
              aria-label="Actions"
              bubbleEvent={false}
              className=""
              getMenuRef={[Function]}
              id="pf-dropdown-toggle-id-2"
              isActive={false}
              isDisabled={false}
              isOpen={true}
              isPlain={true}
              isPrimary={false}
              isSplitButton={false}
              onEnter={[Function]}
              onToggle={[Function]}
              parentRef={
                Object {
                  "current": <div
                    class="pf-c-dropdown pf-m-expanded"
                    data-ouia-component-id="OUIA-Generated-Dropdown-1"
                    data-ouia-component-type="PF4/Dropdown"
                    data-ouia-safe="true"
                  >
                    <button
                      aria-expanded="true"
                      aria-haspopup="true"
                      aria-label="Actions"
                      class="pf-c-dropdown__toggle pf-m-plain"
                      id="pf-dropdown-toggle-id-2"
                      type="button"
                    >
                      <svg
                        aria-hidden="true"
                        fill="currentColor"
                        height="1em"
                        role="img"
                        style="vertical-align: -0.125em;"
                        viewBox="0 0 192 512"
                        width="1em"
                      >
                        <path
                          d="M96 184c39.8 0 72 32.2 72 72s-32.2 72-72 72-72-32.2-72-72 32.2-72 72-72zM24 80c0 39.8 32.2 72 72 72s72-32.2 72-72S135.8 8 96 8 24 40.2 24 80zm0 352c0 39.8 32.2 72 72 72s72-32.2 72-72-32.2-72-72-72-72 32.2-72 72z"
                        />
                      </svg>
                    </button>
                    <ul
                      aria-labelledby="pf-dropdown-toggle-id-2"
                      class="pf-c-dropdown__menu"
                      role="menu"
                    >
                      <li
                        role="menuitem"
                      >
                        <button
                          aria-disabled="false"
                          class="pf-c-dropdown__menu-item"
                          data-ouia-component-id="OUIA-Generated-DropdownItem-1"
                          data-ouia-component-type="PF4/DropdownItem"
                          data-ouia-safe="true"
                          tabindex="-1"
                          type="button"
                        >
                          Export as JSON
                        </button>
                      </li>
                      <li
                        role="menuitem"
                      >
                        <button
                          aria-disabled="false"
                          class="pf-c-dropdown__menu-item"
                          data-ouia-component-id="OUIA-Generated-DropdownItem-2"
                          data-ouia-component-type="PF4/DropdownItem"
                          data-ouia-safe="true"
                          tabindex="-1"
                          type="button"
                        >
                          Export as CSV
                        </button>
                      </li>
                      <li
                        role="menuitem"
                      >
                        <button
                          aria-disabled="false"
                          class="pf-c-dropdown__menu-item"
                          data-ouia-component-id="OUIA-Generated-DropdownItem-3"
                          data-ouia-component-type="PF4/DropdownItem"
                          data-ouia-safe="true"
                          tabindex="-1"
                          type="button"
                        >
                          Edit business risk
                        </button>
                      </li>
                      <li
                        role="menuitem"
                      >
                        <button
                          aria-disabled="false"
                          class="pf-c-dropdown__menu-item"
                          data-ouia-component-id="OUIA-Generated-DropdownItem-4"
                          data-ouia-component-type="PF4/DropdownItem"
                          data-ouia-safe="true"
                          tabindex="-1"
                          type="button"
                        >
                          Edit status
                        </button>
                      </li>
                    </ul>
                  </div>,
                }
              }
            >
              <button
                aria-expanded={true}
                aria-haspopup={true}
                aria-label="Actions"
                className="pf-c-dropdown__toggle pf-m-plain"
                disabled={false}
                id="pf-dropdown-toggle-id-2"
                onClick={[Function]}
                onKeyDown={[Function]}
                type="button"
              >
                <EllipsisVIcon
                  color="currentColor"
                  noVerticalAlign={false}
                  size="sm"
                >
                  <svg
                    aria-hidden={true}
                    aria-labelledby={null}
                    fill="currentColor"
                    height="1em"
                    role="img"
                    style={
                      Object {
                        "verticalAlign": "-0.125em",
                      }
                    }
                    viewBox="0 0 192 512"
                    width="1em"
                  >
                    <path
                      d="M96 184c39.8 0 72 32.2 72 72s-32.2 72-72 72-72-32.2-72-72 32.2-72 72-72zM24 80c0 39.8 32.2 72 72 72s72-32.2 72-72S135.8 8 96 8 24 40.2 24 80zm0 352c0 39.8 32.2 72 72 72s72-32.2 72-72-32.2-72-72-72-72 32.2-72 72z"
                    />
                  </svg>
                </EllipsisVIcon>
              </button>
            </Toggle>
          </KebabToggle>
          <DropdownMenu
            aria-labelledby="pf-dropdown-toggle-id-2"
            autoFocus={false}
            className=""
            component="ul"
            isGrouped={false}
            isOpen={true}
            openedOnEnter={false}
            position="left"
            setMenuComponentRef={[Function]}
          >
            <ul
              aria-labelledby="pf-dropdown-toggle-id-2"
              autoFocus={false}
              className="pf-c-dropdown__menu"
              hidden={false}
              role="menu"
            >
              <DropdownItem
                component="button"
                index={0}
                key=".$json"
                onClick={[Function]}
              >
                <InternalDropdownItem
                  className=""
                  component="button"
                  context={
                    Object {
                      "keyHandler": [Function],
                      "sendRef": [Function],
                    }
                  }
                  data-ouia-component-id="OUIA-Generated-DropdownItem-1"
                  data-ouia-component-type="PF4/DropdownItem"
                  data-ouia-safe={true}
                  description={null}
                  enterTriggersArrowDown={false}
                  icon={null}
                  index={0}
                  inoperableEvents={
                    Array [
                      "onClick",
                      "onKeyPress",
                    ]
                  }
                  isAriaDisabled={false}
                  isDisabled={false}
                  isHovered={false}
                  isPlainText={false}
                  onClick={[Function]}
                  role="menuitem"
                  styleChildren={true}
                  tabIndex={-1}
                  tooltipProps={Object {}}
                >
                  <li
                    className={null}
                    onClick={[Function]}
                    onKeyDown={[Function]}
                    role="menuitem"
                  >
                    <button
                      aria-disabled={false}
                      className="pf-c-dropdown__menu-item"
                      data-ouia-component-id="OUIA-Generated-DropdownItem-1"
                      data-ouia-component-type="PF4/DropdownItem"
                      data-ouia-safe={true}
                      tabIndex={-1}
                      type="button"
                    >
                      <FormattedMessage
                        defaultMessage="Export as JSON"
                        description="Kebab item"
                        id="kebab.exportAsJson"
                      >
                        Export as JSON
                      </FormattedMessage>
                    </button>
                  </li>
                </InternalDropdownItem>
              </DropdownItem>
              <DropdownItem
                component="button"
                index={1}
                key=".$csv"
                onClick={[Function]}
              >
                <InternalDropdownItem
                  className=""
                  component="button"
                  context={
                    Object {
                      "keyHandler": [Function],
                      "sendRef": [Function],
                    }
                  }
                  data-ouia-component-id="OUIA-Generated-DropdownItem-2"
                  data-ouia-component-type="PF4/DropdownItem"
                  data-ouia-safe={true}
                  description={null}
                  enterTriggersArrowDown={false}
                  icon={null}
                  index={1}
                  inoperableEvents={
                    Array [
                      "onClick",
                      "onKeyPress",
                    ]
                  }
                  isAriaDisabled={false}
                  isDisabled={false}
                  isHovered={false}
                  isPlainText={false}
                  onClick={[Function]}
                  role="menuitem"
                  styleChildren={true}
                  tabIndex={-1}
                  tooltipProps={Object {}}
                >
                  <li
                    className={null}
                    onClick={[Function]}
                    onKeyDown={[Function]}
                    role="menuitem"
                  >
                    <button
                      aria-disabled={false}
                      className="pf-c-dropdown__menu-item"
                      data-ouia-component-id="OUIA-Generated-DropdownItem-2"
                      data-ouia-component-type="PF4/DropdownItem"
                      data-ouia-safe={true}
                      tabIndex={-1}
                      type="button"
                    >
                      <FormattedMessage
                        defaultMessage="Export as CSV"
                        description="Kebab item"
                        id="kebab.exportAsCsv"
                      >
                        Export as CSV
                      </FormattedMessage>
                    </button>
                  </li>
                </InternalDropdownItem>
              </DropdownItem>
              <DropdownItem
                component="button"
                index={2}
                key=".$editBusinessRisk"
                onClick={[Function]}
              >
                <InternalDropdownItem
                  className=""
                  component="button"
                  context={
                    Object {
                      "keyHandler": [Function],
                      "sendRef": [Function],
                    }
                  }
                  data-ouia-component-id="OUIA-Generated-DropdownItem-3"
                  data-ouia-component-type="PF4/DropdownItem"
                  data-ouia-safe={true}
                  description={null}
                  enterTriggersArrowDown={false}
                  icon={null}
                  index={2}
                  inoperableEvents={
                    Array [
                      "onClick",
                      "onKeyPress",
                    ]
                  }
                  isAriaDisabled={false}
                  isDisabled={false}
                  isHovered={false}
                  isPlainText={false}
                  onClick={[Function]}
                  role="menuitem"
                  styleChildren={true}
                  tabIndex={-1}
                  tooltipProps={Object {}}
                >
                  <li
                    className={null}
                    onClick={[Function]}
                    onKeyDown={[Function]}
                    role="menuitem"
                  >
                    <button
                      aria-disabled={false}
                      className="pf-c-dropdown__menu-item"
                      data-ouia-component-id="OUIA-Generated-DropdownItem-3"
                      data-ouia-component-type="PF4/DropdownItem"
                      data-ouia-safe={true}
                      tabIndex={-1}
                      type="button"
                    >
                      <FormattedMessage
                        defaultMessage="Edit business risk"
                        description="Kebab item"
                        id="kebab.editBusinnesRisk"
                      >
                        Edit business risk
                      </FormattedMessage>
                    </button>
                  </li>
                </InternalDropdownItem>
              </DropdownItem>
              <DropdownItem
                component="button"
                index={3}
                key=".$editStatus"
                onClick={[Function]}
              >
                <InternalDropdownItem
                  className=""
                  component="button"
                  context={
                    Object {
                      "keyHandler": [Function],
                      "sendRef": [Function],
                    }
                  }
                  data-ouia-component-id="OUIA-Generated-DropdownItem-4"
                  data-ouia-component-type="PF4/DropdownItem"
                  data-ouia-safe={true}
                  description={null}
                  enterTriggersArrowDown={false}
                  icon={null}
                  index={3}
                  inoperableEvents={
                    Array [
                      "onClick",
                      "onKeyPress",
                    ]
                  }
                  isAriaDisabled={false}
                  isDisabled={false}
                  isHovered={false}
                  isPlainText={false}
                  onClick={[Function]}
                  role="menuitem"
                  styleChildren={true}
                  tabIndex={-1}
                  tooltipProps={Object {}}
                >
                  <li
                    className={null}
                    onClick={[Function]}
                    onKeyDown={[Function]}
                    role="menuitem"
                  >
                    <button
                      aria-disabled={false}
                      className="pf-c-dropdown__menu-item"
                      data-ouia-component-id="OUIA-Generated-DropdownItem-4"
                      data-ouia-component-type="PF4/DropdownItem"
                      data-ouia-safe={true}
                      tabIndex={-1}
                      type="button"
                    >
                      <FormattedMessage
                        defaultMessage="Edit status"
                        description="Kebab item"
                        id="kebab.editStatus"
                      >
                        Edit status
                      </FormattedMessage>
                    </button>
                  </li>
                </InternalDropdownItem>
              </DropdownItem>
            </ul>
          </DropdownMenu>
        </div>
      </DropdownWithContext>
    </Dropdown>
  </div>
</BaseKebab>
`;
