// Jest Snapshot v1, https://goo.gl/fbAQLP

exports[`SnippetWithHeaderAndPopover Should render with title and label and Tooltip 1`] = `
<SnippetWithHeaderAndPopover
  title="testTitle"
  tooltipText="Some random text"
  value="testDescription"
>
  <Popover
    appendTo={null}
    aria-label="Business risk popover"
    headerContent=""
    id="popover"
    position="right"
  >
    <Popper
      appendTo={null}
      distance={25}
      enableFlip={true}
      flipBehavior={
        Array [
          "top",
          "right",
          "bottom",
          "left",
          "top",
          "right",
          "bottom",
        ]
      }
      isVisible={false}
      onDocumentClick={[Function]}
      onDocumentKeyDown={[Function]}
      onTriggerClick={[Function]}
      onTriggerEnter={[Function]}
      placement="right"
      popper={
        <FocusTrap
          active={false}
          aria-describedby="popover-popover-body"
          aria-label="Business risk popover"
          aria-modal="true"
          className="pf-c-popover"
          focusTrapOptions={
            Object {
              "clickOutsideDeactivates": true,
              "fallbackFocus": [Function],
              "returnFocusOnDeactivate": true,
            }
          }
          onMouseDown={[Function]}
          paused={false}
          preventScrollOnDeactivate={true}
          role="dialog"
          style={
            Object {
              "maxWidth": null,
              "minWidth": null,
              "opacity": 0,
              "transition": "opacity 300ms cubic-bezier(.54, 1.5, .38, 1.11)",
            }
          }
        >
          <PopoverArrow />
          <PopoverContent>
            <PopoverCloseButton
              aria-label="Close"
              onClose={[Function]}
            />
            
            <PopoverBody
              id="popover-popover-body"
            />
          </PopoverContent>
        </FocusTrap>
      }
      popperMatchesTriggerWidth={false}
      positionModifiers={
        Object {
          "bottom": "pf-m-bottom",
          "left": "pf-m-left",
          "right": "pf-m-right",
          "top": "pf-m-top",
        }
      }
      trigger={
        <Stack
          className="popover-content"
        >
          <StackItem>
            <Label
              isLarge={true}
            >
              testTitle
            </Label>
          </StackItem>
          <StackItem>
            <a>
              testDescription
            </a>
          </StackItem>
        </Stack>
      }
      zIndex={9999}
    >
      <FindRefWrapper
        onFoundRef={[Function]}
      >
        <Stack
          className="popover-content"
        >
          <div
            className="pf-l-stack popover-content"
          >
            <StackItem>
              <div
                className="pf-l-stack__item"
              >
                <Label
                  isLarge={true}
                >
                  <span
                    className="vuln-label "
                    style={
                      Object {
                        "display": "block",
                        "fontSize": "medium",
                      }
                    }
                  >
                    testTitle
                  </span>
                </Label>
              </div>
            </StackItem>
            <StackItem>
              <div
                className="pf-l-stack__item"
              >
                <a>
                  testDescription
                </a>
              </div>
            </StackItem>
          </div>
        </Stack>
      </FindRefWrapper>
    </Popper>
  </Popover>
</SnippetWithHeaderAndPopover>
`;

exports[`SnippetWithHeaderAndPopover Should render with title and label only 1`] = `
<SnippetWithHeaderAndPopover
  title="testTitle"
  value="testDescription"
>
  <Popover
    appendTo={null}
    aria-label="Business risk popover"
    headerContent=""
    id="popover"
    position="right"
  >
    <Popper
      appendTo={null}
      distance={25}
      enableFlip={true}
      flipBehavior={
        Array [
          "top",
          "right",
          "bottom",
          "left",
          "top",
          "right",
          "bottom",
        ]
      }
      isVisible={false}
      onDocumentClick={[Function]}
      onDocumentKeyDown={[Function]}
      onTriggerClick={[Function]}
      onTriggerEnter={[Function]}
      placement="right"
      popper={
        <FocusTrap
          active={false}
          aria-describedby="popover-popover-body"
          aria-label="Business risk popover"
          aria-modal="true"
          className="pf-c-popover"
          focusTrapOptions={
            Object {
              "clickOutsideDeactivates": true,
              "fallbackFocus": [Function],
              "returnFocusOnDeactivate": true,
            }
          }
          onMouseDown={[Function]}
          paused={false}
          preventScrollOnDeactivate={true}
          role="dialog"
          style={
            Object {
              "maxWidth": null,
              "minWidth": null,
              "opacity": 0,
              "transition": "opacity 300ms cubic-bezier(.54, 1.5, .38, 1.11)",
            }
          }
        >
          <PopoverArrow />
          <PopoverContent>
            <PopoverCloseButton
              aria-label="Close"
              onClose={[Function]}
            />
            
            <PopoverBody
              id="popover-popover-body"
            />
          </PopoverContent>
        </FocusTrap>
      }
      popperMatchesTriggerWidth={false}
      positionModifiers={
        Object {
          "bottom": "pf-m-bottom",
          "left": "pf-m-left",
          "right": "pf-m-right",
          "top": "pf-m-top",
        }
      }
      trigger={
        <Stack
          className="popover-content"
        >
          <StackItem>
            <Label
              isLarge={true}
            >
              testTitle
            </Label>
          </StackItem>
          <StackItem>
            <a>
              testDescription
            </a>
          </StackItem>
        </Stack>
      }
      zIndex={9999}
    >
      <FindRefWrapper
        onFoundRef={[Function]}
      >
        <Stack
          className="popover-content"
        >
          <div
            className="pf-l-stack popover-content"
          >
            <StackItem>
              <div
                className="pf-l-stack__item"
              >
                <Label
                  isLarge={true}
                >
                  <span
                    className="vuln-label "
                    style={
                      Object {
                        "display": "block",
                        "fontSize": "medium",
                      }
                    }
                  >
                    testTitle
                  </span>
                </Label>
              </div>
            </StackItem>
            <StackItem>
              <div
                className="pf-l-stack__item"
              >
                <a>
                  testDescription
                </a>
              </div>
            </StackItem>
          </div>
        </Stack>
      </FindRefWrapper>
    </Popper>
  </Popover>
</SnippetWithHeaderAndPopover>
`;

exports[`SnippetWithHeaderAndPopover Should render without params 1`] = `
<SnippetWithHeaderAndPopover>
  <Popover
    appendTo={null}
    aria-label="Business risk popover"
    headerContent=""
    id="popover"
    position="right"
  >
    <Popper
      appendTo={null}
      distance={25}
      enableFlip={true}
      flipBehavior={
        Array [
          "top",
          "right",
          "bottom",
          "left",
          "top",
          "right",
          "bottom",
        ]
      }
      isVisible={false}
      onDocumentClick={[Function]}
      onDocumentKeyDown={[Function]}
      onTriggerClick={[Function]}
      onTriggerEnter={[Function]}
      placement="right"
      popper={
        <FocusTrap
          active={false}
          aria-describedby="popover-popover-body"
          aria-label="Business risk popover"
          aria-modal="true"
          className="pf-c-popover"
          focusTrapOptions={
            Object {
              "clickOutsideDeactivates": true,
              "fallbackFocus": [Function],
              "returnFocusOnDeactivate": true,
            }
          }
          onMouseDown={[Function]}
          paused={false}
          preventScrollOnDeactivate={true}
          role="dialog"
          style={
            Object {
              "maxWidth": null,
              "minWidth": null,
              "opacity": 0,
              "transition": "opacity 300ms cubic-bezier(.54, 1.5, .38, 1.11)",
            }
          }
        >
          <PopoverArrow />
          <PopoverContent>
            <PopoverCloseButton
              aria-label="Close"
              onClose={[Function]}
            />
            
            <PopoverBody
              id="popover-popover-body"
            />
          </PopoverContent>
        </FocusTrap>
      }
      popperMatchesTriggerWidth={false}
      positionModifiers={
        Object {
          "bottom": "pf-m-bottom",
          "left": "pf-m-left",
          "right": "pf-m-right",
          "top": "pf-m-top",
        }
      }
      trigger={
        <Stack
          className="popover-content"
        >
          <StackItem>
            <Label
              isLarge={true}
            />
          </StackItem>
          <StackItem>
            <a />
          </StackItem>
        </Stack>
      }
      zIndex={9999}
    >
      <FindRefWrapper
        onFoundRef={[Function]}
      >
        <Stack
          className="popover-content"
        >
          <div
            className="pf-l-stack popover-content"
          >
            <StackItem>
              <div
                className="pf-l-stack__item"
              >
                <Label
                  isLarge={true}
                >
                  <span
                    className="vuln-label "
                    style={
                      Object {
                        "display": "block",
                        "fontSize": "medium",
                      }
                    }
                  />
                </Label>
              </div>
            </StackItem>
            <StackItem>
              <div
                className="pf-l-stack__item"
              >
                <a />
              </div>
            </StackItem>
          </div>
        </Stack>
      </FindRefWrapper>
    </Popper>
  </Popover>
</SnippetWithHeaderAndPopover>
`;
