// Jest Snapshot v1, https://goo.gl/fbAQLP

exports[`FirstPage component Should match snapshot 1`] = `
<Provider
  store={
    {
      "clearActions": [Function],
      "dispatch": [Function],
      "getActions": [Function],
      "getState": [Function],
      "replaceReducer": [Function],
      "subscribe": [Function],
    }
  }
>
  <BrowserRouter>
    <Router
      history={
        {
          "action": "POP",
          "block": [Function],
          "createHref": [Function],
          "go": [Function],
          "goBack": [Function],
          "goForward": [Function],
          "length": 1,
          "listen": [Function],
          "location": {
            "hash": "",
            "pathname": "/",
            "search": "",
            "state": undefined,
          },
          "push": [Function],
          "replace": [Function],
        }
      }
    >
      <FirstPage
        data={
          {
            "totalCves": 595,
            "totalRules": 11,
            "totalSystems": 147,
          }
        }
        intl={
          {
            "$t": [Function],
            "defaultFormats": {},
            "defaultLocale": "en",
            "defaultRichTextElements": undefined,
            "fallbackOnEmptyString": true,
            "formatDate": [Function],
            "formatDateTimeRange": [Function],
            "formatDateToParts": [Function],
            "formatDisplayName": [Function],
            "formatList": [Function],
            "formatListToParts": [Function],
            "formatMessage": [Function],
            "formatNumber": [Function],
            "formatNumberToParts": [Function],
            "formatPlural": [Function],
            "formatRelativeTime": [Function],
            "formatTime": [Function],
            "formatTimeToParts": [Function],
            "formats": {},
            "formatters": {
              "getDateTimeFormat": [Function],
              "getDisplayNames": [Function],
              "getListFormat": [Function],
              "getMessageFormat": [Function],
              "getNumberFormat": [Function],
              "getPluralRules": [Function],
              "getRelativeTimeFormat": [Function],
            },
            "locale": "en",
            "messages": {},
            "onError": [Function],
            "onWarn": [Function],
            "textComponent": Symbol(react.fragment),
            "timeZone": undefined,
          }
        }
      >
        <TEXT
          style={
            [
              {
                "color": "#C9190B",
              },
              {
                "marginBottom": "24px",
              },
            ]
          }
        >
          Report generated 01 Jan 2020 00:00 UTC
        </TEXT>
        <TEXT
          style={
            {
              "marginBottom": "16px",
            }
          }
        >
          This report is an executive summary of vulnerabilities with advisories that may impact your Red Hat Enterprise Linux 

servers.
        </TEXT>
        <TEXT
          style={
            {
              "marginBottom": "8px",
            }
          }
        >
          The vulnerability service is analyzing 
          <TEXT
            key=".1"
            style={
              {
                "fontWeight": "var(--pf-global--FontWeight--bold)",
              }
            }
          >
            147 RHEL systems
          </TEXT>
           and has identified 
          <TEXT
            key=".3"
            style={
              {
                "fontWeight": "var(--pf-global--FontWeight--bold)",
              }
            }
          >
            595 CVEs
          </TEXT>
           and 
          <TEXT
            key=".5"
            style={
              {
                "fontWeight": "var(--pf-global--FontWeight--bold)",
              }
            }
          >
            11 security rules
          </TEXT>
           
that impact 1 or more of these systems.
        </TEXT>
        <Section
          contentStyle={{}}
          style={{}}
          title=""
          titleProps={{}}
          withColumn={false}
        >
          <VIEW
            style={
              {
                "margin": "7 0",
              }
            }
          >
            <TEXT
              style={
                {
                  "color": "#c9190b",
                  "fontSize": 9,
                  "fontWeight": 700,
                  "margin": "7 0",
                }
              }
            />
            <VIEW
              style={{}}
            >
              <Panel
                contentProps={{}}
                style={{}}
                titleProps={{}}
              >
                <VIEW
                  style={{}}
                >
                  <TEXT
                    style={
                      [
                        {
                          "color": "#4f5255",
                          "fontSize": 9,
                          "fontWeight": 700,
                        },
                        {
                          "margin": "7 0",
                        },
                      ]
                    }
                  />
                  <VIEW
                    style={
                      {
                        "display": "flex",
                        "flexDirection": "row",
                        "justifyContent": "space-between",
                      }
                    }
                  >
                    <PanelItem
                      style={
                        {
                          "flex": 6,
                        }
                      }
                      title=" "
                      titleProps={{}}
                    >
                      <VIEW
                        style={
                          {
                            "flex": 6,
                          }
                        }
                      >
                        <TEXT
                          style={
                            {
                              "color": "#6a6e73",
                              "fontSize": 9,
                            }
                          }
                        >
                           
                        </TEXT>
                        <VIEW
                          style={
                            [
                              {
                                "display": "flex",
                                "flexDirection": "row",
                                "justifyContent": "space-between",
                              },
                              {
                                "justifyContent": "flex-start",
                              },
                            ]
                          }
                        >
                          <CounterItem
                            counter={147}
                            label="Analyzed RHEL systems"
                          >
                            <VIEW>
                              <TEXT
                                style={
                                  {
                                    "color": "#C9190B",
                                    "fontSize": 20,
                                  }
                                }
                              >
                                147
                              </TEXT>
                              <TEXT
                                style={
                                  {
                                    "fontSize": 9,
                                  }
                                }
                              >
                                Analyzed RHEL systems
                              </TEXT>
                            </VIEW>
                          </CounterItem>
                        </VIEW>
                      </VIEW>
                    </PanelItem>
                    <PanelItem
                      style={
                        {
                          "flex": 6,
                        }
                      }
                      title=" "
                      titleProps={{}}
                    >
                      <VIEW
                        style={
                          {
                            "flex": 6,
                          }
                        }
                      >
                        <TEXT
                          style={
                            {
                              "color": "#6a6e73",
                              "fontSize": 9,
                            }
                          }
                        >
                           
                        </TEXT>
                        <VIEW
                          style={
                            [
                              {
                                "display": "flex",
                                "flexDirection": "row",
                                "justifyContent": "space-between",
                              },
                              {
                                "justifyContent": "flex-start",
                              },
                            ]
                          }
                        >
                          <CounterItem
                            counter={595}
                            label="Identified CVEs"
                          >
                            <VIEW>
                              <TEXT
                                style={
                                  {
                                    "color": "#C9190B",
                                    "fontSize": 20,
                                  }
                                }
                              >
                                595
                              </TEXT>
                              <TEXT
                                style={
                                  {
                                    "fontSize": 9,
                                  }
                                }
                              >
                                Identified CVEs
                              </TEXT>
                            </VIEW>
                          </CounterItem>
                        </VIEW>
                      </VIEW>
                    </PanelItem>
                    <PanelItem
                      style={
                        {
                          "flex": 6,
                        }
                      }
                      title=" "
                      titleProps={{}}
                    >
                      <VIEW
                        style={
                          {
                            "flex": 6,
                          }
                        }
                      >
                        <TEXT
                          style={
                            {
                              "color": "#6a6e73",
                              "fontSize": 9,
                            }
                          }
                        >
                           
                        </TEXT>
                        <VIEW
                          style={
                            [
                              {
                                "display": "flex",
                                "flexDirection": "row",
                                "justifyContent": "space-between",
                              },
                              {
                                "justifyContent": "flex-start",
                              },
                            ]
                          }
                        >
                          <CounterItem
                            counter={11}
                            label="Identified security rules"
                          >
                            <VIEW>
                              <TEXT
                                style={
                                  {
                                    "color": "#C9190B",
                                    "fontSize": 20,
                                  }
                                }
                              >
                                11
                              </TEXT>
                              <TEXT
                                style={
                                  {
                                    "fontSize": 9,
                                  }
                                }
                              >
                                Identified security rules
                              </TEXT>
                            </VIEW>
                          </CounterItem>
                        </VIEW>
                      </VIEW>
                    </PanelItem>
                    <VIEW
                      style={
                        {
                          "flex": 4,
                        }
                      }
                    >
                      <VIEW
                        style={
                          [
                            {
                              "flexDirection": "row",
                              "justifyContent": "space-evenly",
                            },
                          ]
                        }
                      />
                      <TEXT />
                    </VIEW>
                  </VIEW>
                </VIEW>
              </Panel>
            </VIEW>
          </VIEW>
        </Section>
      </FirstPage>
    </Router>
  </BrowserRouter>
</Provider>
`;
