// Jest Snapshot v1, https://goo.gl/fbAQLP

exports[`SecondPage component Should match snapshot 1`] = `
<Provider
  store={
    {
      "clearActions": [Function],
      "dispatch": [Function],
      "getActions": [Function],
      "getState": [Function],
      "replaceReducer": [Function],
      "subscribe": [Function],
    }
  }
>
  <BrowserRouter>
    <Router
      location={
        {
          "hash": "",
          "key": "default",
          "pathname": "/",
          "search": "",
          "state": null,
        }
      }
      navigationType="POP"
      navigator={
        {
          "action": "POP",
          "createHref": [Function],
          "createURL": [Function],
          "encodeLocation": [Function],
          "go": [Function],
          "listen": [Function],
          "location": {
            "hash": "",
            "key": "default",
            "pathname": "/",
            "search": "",
            "state": null,
          },
          "push": [Function],
          "replace": [Function],
        }
      }
    >
      <SecondPage
        data={
          {
            "CVSSChart": [
              {
                "x": "8.0 - 10.0",
                "y": 18,
              },
              {
                "x": "4.0 - 7.9",
                "y": 75,
              },
              {
                "x": "0.0 - 3.9",
                "y": 7,
              },
            ],
            "CVSSData": [
              [
                "44 (7% of total)",
              ],
              [
                "446 (75% of total)",
              ],
              [
                "105 (18% of total)",
              ],
            ],
            "CVSSHeader": [
              "CVSS score range",
              "Number of CVEs",
            ],
            "recentCvesData": [
              [
                "Last 7 days",
                "0",
              ],
              [
                "Last 30 days",
                "2",
              ],
              [
                "Last 90 days",
                "22",
              ],
            ],
            "topCves": [
              {
                "cvss2_score": "None",
                "cvss3_score": "8.200",
                "description": "A flaw was found in grub2, prior to version 2.06. An attacker may use the GRUB 2 flaw to hijack and tamper the GRUB  verification process. This flaw also allows the bypass of Secure Boot protections. In order to load an untrusted or modified kernel, an attacker would first need to establish access to the system such as gaining physical access, obtain the ability to alter a pxe-boot network, or have remote access to a  networked system with root access. With this access, an attacker could then craft a string to cause a buffer overflow by injecting a malicious payload that leads to arbitrary code execution within GRUB. The highest threat from this vulnerability is to data confidentiality and integrity as well as system availability.",
                "known_exploit": false,
                "rule_presence": true,
                "synopsis": "CVE-2020-10713",
                "systems_affected": 36,
              },
              {
                "cvss2_score": "None",
                "cvss3_score": "8.600",
                "description": "Heap buffer overflow in Freetype in Google Chrome prior to 86.0.4240.111 allowed a remote attacker to potentially exploit heap corruption via a crafted HTML page.",
                "known_exploit": false,
                "rule_presence": false,
                "synopsis": "CVE-2020-15999",
                "systems_affected": 35,
              },
              {
                "cvss2_score": "None",
                "cvss3_score": "8.100",
                "description": "A flaw was found in cloud-init, where it uses the random.choice function when creating sensitive random strings used for generating a random password in new instances. Depending on the instance configuration, a remote or local attacker may abuse this vulnerability to guess the password of the victim user.",
                "known_exploit": false,
                "rule_presence": false,
                "synopsis": "CVE-2020-8631",
                "systems_affected": 34,
              },
            ],
          }
        }
        intl={
          {
            "$t": [Function],
            "defaultFormats": {},
            "defaultLocale": "en",
            "defaultRichTextElements": undefined,
            "fallbackOnEmptyString": true,
            "formatDate": [Function],
            "formatDateTimeRange": [Function],
            "formatDateToParts": [Function],
            "formatDisplayName": [Function],
            "formatList": [Function],
            "formatListToParts": [Function],
            "formatMessage": [Function],
            "formatNumber": [Function],
            "formatNumberToParts": [Function],
            "formatPlural": [Function],
            "formatRelativeTime": [Function],
            "formatTime": [Function],
            "formatTimeToParts": [Function],
            "formats": {},
            "formatters": {
              "getDateTimeFormat": [Function],
              "getDisplayNames": [Function],
              "getListFormat": [Function],
              "getMessageFormat": [Function],
              "getNumberFormat": [Function],
              "getPluralRules": [Function],
              "getRelativeTimeFormat": [Function],
            },
            "locale": "en",
            "messages": {},
            "onError": [Function],
            "onWarn": [Function],
            "textComponent": Symbol(react.fragment),
            "timeZone": undefined,
          }
        }
      >
        <TEXT
          style={
            {
              "color": "#C9190B",
              "fontSize": 20,
            }
          }
        >
          CVEs
        </TEXT>
        <Section
          title="Identified  CVEs by CVSS score"
          titleProps={
            {
              "style": {
                "fontSize": 10,
              },
            }
          }
        >
          <div />
        </Section>
        <Section
          title="Recently published CVEs indentified on systems"
          titleProps={
            {
              "style": {
                "fontSize": 10,
              },
            }
          }
        >
          <div />
        </Section>
        <Section
          title="Top 3 vulnerabilities in your infrastructure"
          titleProps={
            {
              "style": {
                "fontSize": 10,
              },
            }
          }
          withColumn={false}
        >
          <div />
        </Section>
      </SecondPage>
    </Router>
  </BrowserRouter>
</Provider>
`;
