// Jest Snapshot v1, https://goo.gl/fbAQLP

exports[`ThirdPage component Should match snapshot 1`] = `
<Provider
  store={
    {
      "clearActions": [Function],
      "dispatch": [Function],
      "getActions": [Function],
      "getState": [Function],
      "replaceReducer": [Function],
      "subscribe": [Function],
    }
  }
>
  <BrowserRouter>
    <Router
      location={
        {
          "hash": "",
          "key": "default",
          "pathname": "/",
          "search": "",
          "state": null,
        }
      }
      navigationType="POP"
      navigator={
        {
          "action": "POP",
          "createHref": [Function],
          "createURL": [Function],
          "encodeLocation": [Function],
          "go": [Function],
          "listen": [Function],
          "location": {
            "hash": "",
            "key": "default",
            "pathname": "/",
            "search": "",
            "state": null,
          },
          "push": [Function],
          "replace": [Function],
        }
      }
    >
      <ThirdPage
        data={
          {
            "rulesBySeverityMap": [
              [
                "Critical",
                "0",
                "0",
              ],
              [
                "Important",
                "11",
                "135",
              ],
              [
                "Moderate",
                "0",
                "0",
              ],
              [
                "Low",
                "0",
                "0",
              ],
            ],
            "rulesChart": [
              {
                "name": "Critical",
                "x": "Critical",
                "y": 0,
              },
              {
                "name": "Important",
                "x": "Important",
                "y": 135,
              },
              {
                "name": "Moderate",
                "x": "Moderate",
                "y": 0,
              },
              {
                "name": "Low",
                "x": "Low",
                "y": 0,
              },
            ],
            "rulesHeader": [
              "Severity",
              "Num. security rules",
              "Num. affected systems",
            ],
            "topRules": [
              {
                "associated_cves": [
                  "CVE-2018-12126",
                  "CVE-2018-12127",
                  "CVE-2018-12130",
                  "CVE-2019-11091",
                ],
                "description": "Installed package versions are unable to assess this vulnerability.
",
                "name": ""MDS": CPU side-channel",
                "rule_id": "CVE_2018_12130_cpu_kernel|CVE_2018_12130_CPU_KERNEL_NEED_UPDATE",
                "severity": 3,
                "systems_affected": 98,
              },
              {
                "associated_cves": [
                  "CVE-2019-1125",
                ],
                "description": "Vulnerable package versions are installed.
",
                "name": ""SWAPGS": CPU side-channel",
                "rule_id": "CVE_2019_1125_kernel|CVE_2019_1125_KERNEL_2",
                "severity": 3,
                "systems_affected": 98,
              },
              {
                "associated_cves": [
                  "CVE-2018-3620",
                  "CVE-2018-3646",
                ],
                "description": "Installed package versions are unable to assess this vulnerability.
",
                "name": ""L1TF": CPU side-channel with outdated kernel",
                "rule_id": "CVE_2018_3620_cpu_kernel|CVE_2018_3620_CPU_KERNEL_NEED_UPDATE",
                "severity": 3,
                "systems_affected": 96,
              },
            ],
          }
        }
        intl={
          {
            "$t": [Function],
            "defaultFormats": {},
            "defaultLocale": "en",
            "defaultRichTextElements": undefined,
            "fallbackOnEmptyString": true,
            "formatDate": [Function],
            "formatDateTimeRange": [Function],
            "formatDateToParts": [Function],
            "formatDisplayName": [Function],
            "formatList": [Function],
            "formatListToParts": [Function],
            "formatMessage": [Function],
            "formatNumber": [Function],
            "formatNumberToParts": [Function],
            "formatPlural": [Function],
            "formatRelativeTime": [Function],
            "formatTime": [Function],
            "formatTimeToParts": [Function],
            "formats": {},
            "formatters": {
              "getDateTimeFormat": [Function],
              "getDisplayNames": [Function],
              "getListFormat": [Function],
              "getMessageFormat": [Function],
              "getNumberFormat": [Function],
              "getPluralRules": [Function],
              "getRelativeTimeFormat": [Function],
            },
            "locale": "en",
            "messages": {},
            "onError": [Function],
            "onWarn": [Function],
            "textComponent": Symbol(react.fragment),
            "timeZone": undefined,
          }
        }
      >
        <TEXT
          style={
            {
              "color": "#C9190B",
              "fontSize": 20,
            }
          }
        >
          Insights Security Rules
        </TEXT>
        <Section
          title="Security rules affecting systems"
          titleProps={
            {
              "style": {
                "fontSize": 10,
              },
            }
          }
        >
          <div />
        </Section>
        <Section
          title="Top 3 security rules in your infrastructure"
          titleProps={
            {
              "style": {
                "fontSize": 10,
              },
            }
          }
          withColumn={false}
        >
          <div />
        </Section>
      </ThirdPage>
    </Router>
  </BrowserRouter>
</Provider>
`;
