// Jest Snapshot v1, https://goo.gl/fbAQLP

exports[`Breadcrumb component Should match snapshot 1`] = `
<DocumentFragment>
  <nav
    aria-label="Breadcrumb"
    class="pf-c-breadcrumb pf-u-mb-md"
    data-ouia-component-id="OUIA-Generated-Breadcrumb-2"
    data-ouia-component-type="PF4/Breadcrumb"
    data-ouia-safe="true"
    data-testid="PfBreadcrumb"
  >
    <ol
      class="pf-c-breadcrumb__list"
    >
      <li
        class="pf-c-breadcrumb__item"
      >
        <div
          class="pf-c-skeleton ins-c-skeleton ins-c-skeleton__md breadcrumb-skeleton"
          data-testid="breadcrumb-skeleton"
        >
          <span
            class="pf-u-screen-reader"
          />
        </div>
      </li>
      <li
        class="pf-c-breadcrumb__item"
      >
        <span
          class="pf-c-breadcrumb__item-divider"
        >
          <svg
            aria-hidden="true"
            fill="currentColor"
            height="1em"
            role="img"
            style="vertical-align: -0.125em;"
            viewBox="0 0 256 512"
            width="1em"
          >
            <path
              d="M224.3 273l-136 136c-9.4 9.4-24.6 9.4-33.9 0l-22.6-22.6c-9.4-9.4-9.4-24.6 0-33.9l96.4-96.4-96.4-96.4c-9.4-9.4-9.4-24.6 0-33.9L54.3 103c9.4-9.4 24.6-9.4 33.9 0l136 136c9.5 9.4 9.5 24.6.1 34z"
            />
          </svg>
        </span>
        <a
          href="/insights/vulnerability/somewhereElse"
        >
          some other page
        </a>
      </li>
      <li
        class="pf-c-breadcrumb__item"
      >
        <span
          class="pf-c-breadcrumb__item-divider"
        >
          <svg
            aria-hidden="true"
            fill="currentColor"
            height="1em"
            role="img"
            style="vertical-align: -0.125em;"
            viewBox="0 0 256 512"
            width="1em"
          >
            <path
              d="M224.3 273l-136 136c-9.4 9.4-24.6 9.4-33.9 0l-22.6-22.6c-9.4-9.4-9.4-24.6 0-33.9l96.4-96.4-96.4-96.4c-9.4-9.4-9.4-24.6 0-33.9L54.3 103c9.4-9.4 24.6-9.4 33.9 0l136 136c9.5 9.4 9.5 24.6.1 34z"
            />
          </svg>
        </span>
        current page
      </li>
    </ol>
  </nav>
</DocumentFragment>
`;
