// Jest Snapshot v1, https://goo.gl/fbAQLP

exports[`ImmutableDevices renders without issues 1`] = `
<DocumentFragment>
  <div
    activefiltersconfig="[object Object]"
    appname="inventory"
    aria-label="immutableDevices-module-mock"
    customfilters="[object Object]"
    fallback="[object Object]"
    filterconfig="[object Object]"
    hidefilters="[object Object]"
    module="./ImmutableDevices"
    nosystemstable="[object Object]"
    store="[object Object]"
  >
    AsyncComponent
  </div>
</DocumentFragment>
`;
