// Jest Snapshot v1, https://goo.gl/fbAQLP

exports[`CVEs:  Should match the snapshot 1`] = `
<Fragment>
  <Header
    showBreadcrumb={false}
    title="CVEs"
  />
  <Connect(Main)>
    <CVEs />
    <PopUp
      body="Tag and workload filtration is temporarily unavailable on this page. We're working to resolve this soon."
      page="landing"
      title="Tag and workload filtration temporarily unavailable"
    />
  </Connect(Main)>
</Fragment>
`;
