// Jest Snapshot v1, https://goo.gl/fbAQLP

exports[`ReadOnlyBanner component Should match snapshot. 1`] = `
<ReadOnlyBanner>
  <Banner>
    <div
      className="pf-c-banner"
    >
      <Bullseye>
        <div
          className="pf-l-bullseye"
        >
          <Text>
            <p
              className=""
              data-ouia-component-id="OUIA-Generated-Text-1"
              data-ouia-component-type="PF4/Text"
              data-ouia-safe={true}
              data-pf-content={true}
            >
              Application is in 
              <b
                key=".1"
              >
                read-only
              </b>
               mode
            </p>
          </Text>
          <a
            className="pf-u-ml-sm"
            href="https://status.redhat.com/"
            rel="noopener noreferrer"
            style={
              Object {
                "color": "var(--pf-global--link--Color--light)",
              }
            }
            target="_blank"
          >
            Learn more
          </a>
        </div>
      </Bullseye>
      <span
        className="pf-u-screen-reader"
      >
        default banner
      </span>
    </div>
  </Banner>
</ReadOnlyBanner>
`;
