// Jest Snapshot v1, https://goo.gl/fbAQLP

exports[`Reports page component Should match snapshots 1`] = `
<Provider
  store={
    Object {
      "clearActions": [Function],
      "dispatch": [Function],
      "getActions": [Function],
      "getState": [Function],
      "replaceReducer": [Function],
      "subscribe": [Function],
    }
  }
>
  <BrowserRouter>
    <Router
      history={
        Object {
          "action": "POP",
          "block": [Function],
          "createHref": [Function],
          "go": [Function],
          "goBack": [Function],
          "goForward": [Function],
          "length": 1,
          "listen": [Function],
          "location": Object {
            "hash": "",
            "pathname": "/",
            "search": "",
            "state": undefined,
          },
          "push": [Function],
          "replace": [Function],
        }
      }
    >
      <ReportsPage>
        <Page
          defaultManagedSidebarIsOpen={true}
          isManagedSidebar={false}
          mainTabIndex={-1}
          onPageResize={[Function]}
        >
          <div
            className="pf-c-page"
          >
            <main
              className="pf-c-page__main"
              tabIndex={-1}
            >
              <withRouter(Connect(VulnerabilityHeader))
                showBreadcrumb={false}
                title="Reports"
              >
                <Connect(VulnerabilityHeader)
                  history={
                    Object {
                      "action": "POP",
                      "block": [Function],
                      "createHref": [Function],
                      "go": [Function],
                      "goBack": [Function],
                      "goForward": [Function],
                      "length": 1,
                      "listen": [Function],
                      "location": Object {
                        "hash": "",
                        "pathname": "/",
                        "search": "",
                        "state": undefined,
                      },
                      "push": [Function],
                      "replace": [Function],
                    }
                  }
                  location={
                    Object {
                      "hash": "",
                      "pathname": "/",
                      "search": "",
                      "state": undefined,
                    }
                  }
                  match={
                    Object {
                      "isExact": true,
                      "params": Object {},
                      "path": "/",
                      "url": "/",
                    }
                  }
                  showBreadcrumb={false}
                  title="Reports"
                >
                  <VulnerabilityHeader
                    dispatch={[Function]}
                    history={
                      Object {
                        "action": "POP",
                        "block": [Function],
                        "createHref": [Function],
                        "go": [Function],
                        "goBack": [Function],
                        "goForward": [Function],
                        "length": 1,
                        "listen": [Function],
                        "location": Object {
                          "hash": "",
                          "pathname": "/",
                          "search": "",
                          "state": undefined,
                        },
                        "push": [Function],
                        "replace": [Function],
                      }
                    }
                    location={
                      Object {
                        "hash": "",
                        "pathname": "/",
                        "search": "",
                        "state": undefined,
                      }
                    }
                    match={
                      Object {
                        "isExact": true,
                        "params": Object {},
                        "path": "/",
                        "url": "/",
                      }
                    }
                    showBreadcrumb={false}
                    title="Reports"
                  >
                    <PageHeader>
                      <section
                        className="pf-l-page-header pf-c-page-header pf-l-page__main-section pf-c-page__main-section pf-m-light"
                        widget-type="InsightsPageHeader"
                      >
                        <PageHeaderTitle
                          title="Reports"
                        >
                          <Component
                            className=""
                            headingLevel="h1"
                            size="2xl"
                            widget-type="InsightsPageHeaderTitle"
                          >
                            <h1
                              className="pf-c-title pf-m-2xl"
                              widget-type="InsightsPageHeaderTitle"
                            >
                               
                              Reports
                               
                            </h1>
                          </Component>
                        </PageHeaderTitle>
                      </section>
                    </PageHeader>
                  </VulnerabilityHeader>
                </Connect(VulnerabilityHeader)>
              </withRouter(Connect(VulnerabilityHeader))>
              <Connect(Main)>
                <Main>
                  <section
                    className="pf-l-page__main-section pf-c-page__main-section"
                    page-type=""
                  >
                    <Component
                      hasGutter={true}
                    >
                      <div
                        className="pf-l-grid pf-m-gutter"
                      >
                        <Component
                          span={3}
                        >
                          <div
                            className="pf-l-grid__item pf-m-3-col"
                          >
                            <Component>
                              <article
                                className="pf-c-card"
                              >
                                <Component>
                                  <div
                                    className="pf-c-card__title"
                                  >
                                    <ChartPieSolid>
                                      <img
                                        alt="Static pie solid"
                                        src="test-file-stub"
                                      />
                                    </ChartPieSolid>
                                    <span
                                      className="pf-u-ml-sm"
                                      style={
                                        Object {
                                          "verticalAlign": "0.3rem",
                                        }
                                      }
                                    >
                                      Executive report
                                    </span>
                                  </div>
                                </Component>
                                <Component>
                                  <div
                                    className="pf-c-card__body"
                                  >
                                    An executive summary of vulnerabilities identified by Red Hat that may impact your RHEL servers.
                                  </div>
                                </Component>
                                <Component>
                                  <div
                                    className="pf-c-card__footer"
                                  >
                                    <DownloadExecutive>
                                      <DownloadButton
                                        allPagesHaveTitle={false}
                                        asyncFunction={[Function]}
                                        buttonProps={
                                          Object {
                                            "isInline": true,
                                            "variant": "link",
                                          }
                                        }
                                        fileName="vulnerability_executive-report--2020-01-01.pdf"
                                        isPreview={false}
                                        label="Download PDF"
                                        pages={Array []}
                                        reportName="Executive report:"
                                        size="A4"
                                        title=""
                                        type="Vulnerability"
                                      >
                                        <Component
                                          isInline={true}
                                          onClick={[Function]}
                                          variant="link"
                                        >
                                          <button
                                            aria-disabled={null}
                                            aria-label={null}
                                            className="pf-c-button pf-m-link pf-m-inline"
                                            data-ouia-component-id={null}
                                            data-ouia-component-type="PF4/Button"
                                            data-ouia-safe={true}
                                            disabled={false}
                                            onClick={[Function]}
                                            tabIndex={null}
                                            type="button"
                                          >
                                            Download PDF
                                          </button>
                                        </Component>
                                      </DownloadButton>
                                    </DownloadExecutive>
                                  </div>
                                </Component>
                              </article>
                            </Component>
                          </div>
                        </Component>
                        <Component
                          span={3}
                        >
                          <div
                            className="pf-l-grid__item pf-m-3-col"
                          >
                            <Component>
                              <article
                                className="pf-c-card"
                              >
                                <Component>
                                  <div
                                    className="pf-c-card__title"
                                  >
                                    <FileAltIcon
                                      color="var(--pf-global--link--Color)"
                                      noVerticalAlign={false}
                                      size="lg"
                                    >
                                      <svg
                                        aria-hidden={true}
                                        aria-labelledby={null}
                                        fill="var(--pf-global--link--Color)"
                                        height="2em"
                                        role="img"
                                        style={
                                          Object {
                                            "verticalAlign": "-0.25em",
                                          }
                                        }
                                        viewBox="0 0 384 512"
                                        width="2em"
                                      >
                                        <path
                                          d="M224 136V0H24C10.7 0 0 10.7 0 24v464c0 13.3 10.7 24 24 24h336c13.3 0 24-10.7 24-24V160H248c-13.2 0-24-10.8-24-24zm64 236c0 6.6-5.4 12-12 12H108c-6.6 0-12-5.4-12-12v-8c0-6.6 5.4-12 12-12h168c6.6 0 12 5.4 12 12v8zm0-64c0 6.6-5.4 12-12 12H108c-6.6 0-12-5.4-12-12v-8c0-6.6 5.4-12 12-12h168c6.6 0 12 5.4 12 12v8zm0-72v8c0 6.6-5.4 12-12 12H108c-6.6 0-12-5.4-12-12v-8c0-6.6 5.4-12 12-12h168c6.6 0 12 5.4 12 12zm96-114.1v6.1H256V0h6.1c6.4 0 12.5 2.5 17 7l97.9 98c4.5 4.5 7 10.6 7 16.9z"
                                          transform=""
                                        />
                                      </svg>
                                    </FileAltIcon>
                                    <span
                                      className="pf-u-ml-sm"
                                      style={
                                        Object {
                                          "verticalAlign": "0.3rem",
                                        }
                                      }
                                    >
                                      Report by CVEs
                                    </span>
                                  </div>
                                </Component>
                                <Component>
                                  <div
                                    className="pf-c-card__body"
                                  >
                                    A customizable PDF report of vulnerabilities identified by Red Hat that may impact your RHEL servers.
                                  </div>
                                </Component>
                                <Component>
                                  <div
                                    className="pf-c-card__footer"
                                  >
                                    <a
                                      onClick={[Function]}
                                    >
                                      Create report
                                    </a>
                                  </div>
                                </Component>
                              </article>
                            </Component>
                          </div>
                        </Component>
                      </div>
                    </Component>
                  </section>
                </Main>
              </Connect(Main)>
              <ReportConfigModal
                isOpen={false}
                onClose={[Function]}
              >
                <Modal
                  actions={
                    Array [
                      <DownloadCVEsReport
                        buttonProps={
                          Object {
                            "isDisabled": false,
                            "style": Object {
                              "marginRight": "0.5em",
                            },
                          }
                        }
                        filters={Object {}}
                        isReportDynamic={true}
                        label={
                          Object {
                            "defaultMessage": "Export report",
                            "id": "configModalExportReport",
                          }
                        }
                        params={
                          Object {
                            "business_risk_id": "",
                            "cvss_from": 0,
                            "cvss_to": 10,
                            "impact": "",
                            "public_from": undefined,
                            "public_to": undefined,
                            "publish_date": "all",
                            "rule_presence": undefined,
                            "status_id": "",
                          }
                        }
                        reportData={
                          Object {
                            "header": Array [
                              "publish_date",
                              "impact",
                              "cvss_filter",
                              "show_all",
                              "business_risk_id",
                              "status_id",
                              "security_rule",
                            ],
                            "reportTitle": "Insights Vulnerability CVE Report",
                            "userNotes": "",
                          }
                        }
                        type="cves"
                      />,
                      <Unknown
                        onClick={[Function]}
                        variant="secondary"
                      >
                        Cancel
                      </Unknown>,
                    ]
                  }
                  appendTo={
                    <body>
                      <div />
                    </body>
                  }
                  aria-describedby=""
                  aria-label=""
                  aria-labelledby=""
                  className=""
                  hasNoBodyWrapper={false}
                  isOpen={false}
                  onClose={[Function]}
                  showClose={true}
                  title="Report by CVEs"
                  variant="small"
                >
                  <Portal
                    containerInfo={<div />}
                  >
                    <Component
                      actions={
                        Array [
                          <DownloadCVEsReport
                            buttonProps={
                              Object {
                                "isDisabled": false,
                                "style": Object {
                                  "marginRight": "0.5em",
                                },
                              }
                            }
                            filters={Object {}}
                            isReportDynamic={true}
                            label={
                              Object {
                                "defaultMessage": "Export report",
                                "id": "configModalExportReport",
                              }
                            }
                            params={
                              Object {
                                "business_risk_id": "",
                                "cvss_from": 0,
                                "cvss_to": 10,
                                "impact": "",
                                "public_from": undefined,
                                "public_to": undefined,
                                "publish_date": "all",
                                "rule_presence": undefined,
                                "status_id": "",
                              }
                            }
                            reportData={
                              Object {
                                "header": Array [
                                  "publish_date",
                                  "impact",
                                  "cvss_filter",
                                  "show_all",
                                  "business_risk_id",
                                  "status_id",
                                  "security_rule",
                                ],
                                "reportTitle": "Insights Vulnerability CVE Report",
                                "userNotes": "",
                              }
                            }
                            type="cves"
                          />,
                          <Unknown
                            onClick={[Function]}
                            variant="secondary"
                          >
                            Cancel
                          </Unknown>,
                        ]
                      }
                      aria-describedby=""
                      aria-label=""
                      aria-labelledby=""
                      boxId="pf-modal-part-0"
                      className=""
                      descriptorId="pf-modal-part-2"
                      hasNoBodyWrapper={false}
                      isOpen={false}
                      labelId="pf-modal-part-1"
                      onClose={[Function]}
                      showClose={true}
                      title="Report by CVEs"
                      variant="small"
                    />
                  </Portal>
                </Modal>
              </ReportConfigModal>
            </main>
          </div>
        </Page>
      </ReportsPage>
    </Router>
  </BrowserRouter>
</Provider>
`;
