// Jest Snapshot v1, https://goo.gl/fbAQLP

exports[`SeverityRating render severity link 1`] = `
<Fragment>
  <Text
    className=""
    component="p"
  >
    <a
      href="https://access.redhat.com/security/updates/classification"
      rel="noopener noreferrer"
      target="_blank"
    >
      Learn more 
      <ExternalLinkAltIcon
        color="currentColor"
        size="sm"
        title={null}
      />
    </a>
  </Text>
</Fragment>
`;

exports[`SeverityRating render severity link 2`] = `
<Fragment>
  <Text
    className=""
    component="p"
  >
    <a
      href="https://access.redhat.com/security/updates/classification"
      rel="noopener noreferrer"
      target="_blank"
    >
      Learn more 
      <ExternalLinkAltIcon
        color="currentColor"
        size="sm"
        title={null}
      />
    </a>
  </Text>
</Fragment>
`;

exports[`SeverityRating render severity link 3`] = `
<Fragment>
  <Text
    className=""
    component="p"
  >
    <a
      href="https://access.redhat.com/security/updates/classification"
      rel="noopener noreferrer"
      target="_blank"
    >
      Learn more 
      <ExternalLinkAltIcon
        color="currentColor"
        size="sm"
        title={null}
      />
    </a>
  </Text>
</Fragment>
`;

exports[`SeverityRating render severity link 4`] = `
<Fragment>
  <Text
    className=""
    component="p"
  >
    <a
      href="https://access.redhat.com/security/updates/classification"
      rel="noopener noreferrer"
      target="_blank"
    >
      Learn more 
      <ExternalLinkAltIcon
        color="currentColor"
        size="sm"
        title={null}
      />
    </a>
  </Text>
</Fragment>
`;

exports[`SeverityRating render severity link 5`] = `
<Fragment>
  <Text
    className=""
    component="p"
  >
    <a
      href="https://access.redhat.com/security/updates/classification"
      rel="noopener noreferrer"
      target="_blank"
    >
      Learn more 
      <ExternalLinkAltIcon
        color="currentColor"
        size="sm"
        title={null}
      />
    </a>
  </Text>
</Fragment>
`;

exports[`SeverityRating render severity link 6`] = `
<Fragment>
  <Text
    className=""
    component="p"
  >
    <a
      href="https://access.redhat.com/security/updates/classification"
      rel="noopener noreferrer"
      target="_blank"
    >
      Learn more 
      <ExternalLinkAltIcon
        color="currentColor"
        size="sm"
        title={null}
      />
    </a>
  </Text>
</Fragment>
`;

exports[`SeverityRating render severity link 7`] = `
<Fragment>
  <Text
    className=""
    component="p"
  >
    <a
      href="https://access.redhat.com/security/updates/classification"
      rel="noopener noreferrer"
      target="_blank"
    >
      Learn more 
      <ExternalLinkAltIcon
        color="currentColor"
        size="sm"
        title={null}
      />
    </a>
  </Text>
</Fragment>
`;

exports[`SeverityRating render severity link 8`] = `
<Fragment>
  <Text
    className=""
    component="p"
  >
    <a
      href="https://access.redhat.com/security/updates/classification"
      rel="noopener noreferrer"
      target="_blank"
    >
      Learn more 
      <ExternalLinkAltIcon
        color="currentColor"
        size="sm"
        title={null}
      />
    </a>
  </Text>
</Fragment>
`;

exports[`SeverityRating render severity title 1`] = `
<Fragment>
  <Text
    className="severity-critical cve-severity-title"
    component="p"
  >
    Critical
     impact
  </Text>
</Fragment>
`;

exports[`SeverityRating render severity title 2`] = `
<Fragment>
  <Text
    className="severity-color-important cve-severity-title"
    component="p"
  >
    High
     impact
  </Text>
</Fragment>
`;

exports[`SeverityRating render severity title 3`] = `
<Fragment>
  <Text
    className="severity-color-important cve-severity-title"
    component="p"
  >
    Important
     impact
  </Text>
</Fragment>
`;

exports[`SeverityRating render severity title 4`] = `
<Fragment>
  <Text
    className="severity-moderate cve-severity-title"
    component="p"
  >
    Medium
     impact
  </Text>
</Fragment>
`;

exports[`SeverityRating render severity title 5`] = `
<Fragment>
  <Text
    className="severity-moderate cve-severity-title"
    component="p"
  >
    Moderate
     impact
  </Text>
</Fragment>
`;

exports[`SeverityRating render severity title 6`] = `
<Fragment>
  <Text
    className="severity-low cve-severity-title"
    component="p"
  >
    Low
     impact
  </Text>
</Fragment>
`;

exports[`SeverityRating render severity title 7`] = `
<Fragment>
  <Text
    className="severity-low cve-severity-title"
    component="p"
  >
    Unknown
     impact
  </Text>
</Fragment>
`;

exports[`SeverityRating render severity title 8`] = `
<Fragment>
  <Text
    className="severity-low cve-severity-title"
    component="p"
  >
    Unknown
     impact
  </Text>
</Fragment>
`;
