// Jest Snapshot v1, https://goo.gl/fbAQLP

exports[`CVEPageDetailsTitle component should render without props 1`] = `
<Fragment>
  <TextContent
    className=""
  >
    <Title
      className="cve-title"
      headingLevel="h1"
      size="3xl"
    />
  </TextContent>
  <TextContent
    className=""
  >
    <Title
      className=""
      headingLevel="h1"
      size="md"
    >
      Publish Date: 
    </Title>
  </TextContent>
</Fragment>
`;
