// Jest Snapshot v1, https://goo.gl/fbAQLP

exports[`CveInfoBox Should redner with both title and description 1`] = `
<CVEInfoBox
  descriptionContent="testDescription"
  titleContent="testTitle"
>
  <Component
    className="infobox-square"
    hasGutter={true}
  >
    <div
      className="pf-l-split pf-m-gutter infobox-square"
    >
      <WithLoader
        loading={true}
      >
        <Skeleton
          isDark={false}
          size="lg"
        >
          <div
            className="ins-c-skeleton ins-c-skeleton__lg"
          >
             
          </div>
        </Skeleton>
      </WithLoader>
    </div>
  </Component>
</CVEInfoBox>
`;

exports[`CveInfoBox Should render with description only 1`] = `
<CVEInfoBox
  descriptionContent="testDescription"
>
  <Component
    className="infobox-square"
    hasGutter={true}
  >
    <div
      className="pf-l-split pf-m-gutter infobox-square"
    >
      <WithLoader
        loading={true}
      >
        <Skeleton
          isDark={false}
          size="lg"
        >
          <div
            className="ins-c-skeleton ins-c-skeleton__lg"
          >
             
          </div>
        </Skeleton>
      </WithLoader>
    </div>
  </Component>
</CVEInfoBox>
`;

exports[`CveInfoBox Should render with title only 1`] = `
<CVEInfoBox
  titleContent="testTitle"
>
  <Component
    className="infobox-square"
    hasGutter={true}
  >
    <div
      className="pf-l-split pf-m-gutter infobox-square"
    >
      <WithLoader
        loading={true}
      >
        <Skeleton
          isDark={false}
          size="lg"
        >
          <div
            className="ins-c-skeleton ins-c-skeleton__lg"
          >
             
          </div>
        </Skeleton>
      </WithLoader>
    </div>
  </Component>
</CVEInfoBox>
`;

exports[`CveInfoBox Should render without params 1`] = `
<CVEInfoBox>
  <Component
    className="infobox-square"
    hasGutter={true}
  >
    <div
      className="pf-l-split pf-m-gutter infobox-square"
    >
      <WithLoader
        loading={true}
      >
        <Skeleton
          isDark={false}
          size="lg"
        >
          <div
            className="ins-c-skeleton ins-c-skeleton__lg"
          >
             
          </div>
        </Skeleton>
      </WithLoader>
    </div>
  </Component>
</CVEInfoBox>
`;
