// Jest Snapshot v1, https://goo.gl/fbAQLP

exports[`CounterItem component Should match snapshot. 1`] = `
<CounterItem
  counter={100}
  label="items"
>
  <VIEW>
    <TEXT
      style={
        Object {
          "color": "#C9190B",
          "fontSize": 20,
        }
      }
    >
      100
    </TEXT>
    <TEXT
      style={
        Object {
          "fontSize": 9,
        }
      }
    >
      items
    </TEXT>
  </VIEW>
</CounterItem>
`;
