// Jest Snapshot v1, https://goo.gl/fbAQLP

exports[`FooterPDF component Should match snapshot when it has exploit and security rule. 1`] = `
<FooterPDF
  hasExploit={true}
  hasRule={true}
>
  <VIEW>
    <TEXT
      style={
        {
          "color": "#6A6E73",
          "fontSize": 8,
        }
      }
    >
      &lt;b&gt;Known exploit:&lt;/b&gt; This CVE is identified with a “Known exploit” label because Red Hat has determined this CVE has a public exploit. This CVE is unpatched on your system. CVEs with this label should be addressed with high priority due to the risks posed by them. “Known exploit” does not mean we have taken steps to determine if the CVE has been exploited in your environment.
    </TEXT>
    <TEXT
      style={
        {
          "color": "#6A6E73",
          "fontSize": 8,
        }
      }
    >
      &lt;b&gt;Security rule:&lt;/b&gt; Indicates a security rule associated with this CVE. Security rules are written by Red Hat to help you configure your systems.
    </TEXT>
  </VIEW>
</FooterPDF>
`;

exports[`FooterPDF component Should match snapshot when it's empty. 1`] = `
<FooterPDF>
  <VIEW />
</FooterPDF>
`;
