// Jest Snapshot v1, https://goo.gl/fbAQLP

exports[`CVEHelper createMitreLink 1`] = `
<DocumentFragment>
  <a
    href="https://cve.mitre.org/cgi-bin/cvename.cgi?name=CVE-2016-0800"
    rel="noopener noreferrer"
    target="_blank"
  >
    MITRE Database
    <svg
      aria-hidden="true"
      fill="currentColor"
      height="1em"
      role="img"
      style="vertical-align: -0.125em;"
      viewBox="0 0 512 512"
      width="1em"
    >
      <path
        d="M432,320H400a16,16,0,0,0-16,16V448H64V128H208a16,16,0,0,0,16-16V80a16,16,0,0,0-16-16H48A48,48,0,0,0,0,112V464a48,48,0,0,0,48,48H400a48,48,0,0,0,48-48V336A16,16,0,0,0,432,320ZM488,0h-128c-21.37,0-32.05,25.91-17,41l35.73,35.73L135,320.37a24,24,0,0,0,0,34L157.67,377a24,24,0,0,0,34,0L435.28,133.32,471,169c15,15,41,4.5,41-17V24A24,24,0,0,0,488,0Z"
      />
    </svg>
  </a>
</DocumentFragment>
`;

exports[`CVEHelper createRHDBLink - Custom link label 1`] = `
<DocumentFragment>
  <a
    href="https://access.redhat.com/security/cve/CVE-2016-0800"
    rel="noopener noreferrer"
    target="_blank"
  >
    Red Hat CVE database
    <svg
      aria-hidden="true"
      class="pf-u-ml-sm"
      fill="currentColor"
      height="1em"
      role="img"
      style="vertical-align: -0.125em;"
      viewBox="0 0 512 512"
      width="1em"
    >
      <path
        d="M432,320H400a16,16,0,0,0-16,16V448H64V128H208a16,16,0,0,0,16-16V80a16,16,0,0,0-16-16H48A48,48,0,0,0,0,112V464a48,48,0,0,0,48,48H400a48,48,0,0,0,48-48V336A16,16,0,0,0,432,320ZM488,0h-128c-21.37,0-32.05,25.91-17,41l35.73,35.73L135,320.37a24,24,0,0,0,0,34L157.67,377a24,24,0,0,0,34,0L435.28,133.32,471,169c15,15,41,4.5,41-17V24A24,24,0,0,0,488,0Z"
      />
    </svg>
  </a>
</DocumentFragment>
`;

exports[`CVEHelper createRHDBLink - Default link label 1`] = `
<DocumentFragment>
  <a
    href="https://access.redhat.com/security/cve/CVE-2016-0800"
    rel="noopener noreferrer"
    target="_blank"
  >
    View in Red Hat CVE database
    <svg
      aria-hidden="true"
      class="pf-u-ml-sm"
      fill="currentColor"
      height="1em"
      role="img"
      style="vertical-align: -0.125em;"
      viewBox="0 0 512 512"
      width="1em"
    >
      <path
        d="M432,320H400a16,16,0,0,0-16,16V448H64V128H208a16,16,0,0,0,16-16V80a16,16,0,0,0-16-16H48A48,48,0,0,0,0,112V464a48,48,0,0,0,48,48H400a48,48,0,0,0,48-48V336A16,16,0,0,0,432,320ZM488,0h-128c-21.37,0-32.05,25.91-17,41l35.73,35.73L135,320.37a24,24,0,0,0,0,34L157.67,377a24,24,0,0,0,34,0L435.28,133.32,471,169c15,15,41,4.5,41-17V24A24,24,0,0,0,488,0Z"
      />
    </svg>
  </a>
</DocumentFragment>
`;
