// Jest Snapshot v1, https://goo.gl/fbAQLP

exports[`VulnerabilitiesHelper test function createCveListByAccount() with cveList param 1`] = `"{\\"data\\":[{\\"id\\":\\"CVE-2019-6454\\",\\"business_risk_id\\":\\"3\\",\\"status_id\\":2,\\"cells\\":[{\\"title\\":{\\"type\\":\\"span\\",\\"key\\":\\"CVE-2019-6454\\",\\"ref\\":null,\\"props\\":{\\"children\\":{\\"key\\":null,\\"ref\\":null,\\"props\\":{\\"to\\":\\"/cves/CVE-2019-6454\\",\\"children\\":\\"CVE-2019-6454\\",\\"replace\\":false},\\"_owner\\":null,\\"_store\\":{}}},\\"_owner\\":null,\\"_store\\":{}}},{\\"title\\":{\\"type\\":\\"span\\",\\"key\\":\\"CVE-2019-6454\\",\\"ref\\":null,\\"props\\":{\\"children\\":\\"18 Feb 2019\\"},\\"_owner\\":null,\\"_store\\":{}}},{\\"title\\":{\\"type\\":\\"span\\",\\"key\\":\\"CVE-2019-6454\\",\\"ref\\":null,\\"props\\":{\\"children\\":{\\"key\\":null,\\"ref\\":null,\\"props\\":{\\"impact\\":\\"Important\\",\\"hasLabel\\":true,\\"size\\":\\"sm\\",\\"hasTooltip\\":true},\\"_owner\\":null,\\"_store\\":{}}},\\"_owner\\":null,\\"_store\\":{}}},{\\"title\\":{\\"type\\":\\"span\\",\\"key\\":\\"CVE-2019-6454\\",\\"ref\\":null,\\"props\\":{\\"children\\":\\"7.0\\"},\\"_owner\\":null,\\"_store\\":{}}},{\\"title\\":{\\"type\\":\\"span\\",\\"key\\":\\"CVE-2019-6454\\",\\"ref\\":null,\\"props\\":{\\"children\\":{\\"type\\":\\"a\\",\\"key\\":null,\\"ref\\":null,\\"props\\":{\\"href\\":\\"http://localhost/rhel/vulnerability/cves/CVE-2019-6454\\",\\"children\\":\\"2\\"},\\"_owner\\":null,\\"_store\\":{}}},\\"_owner\\":null,\\"_store\\":{}}},{\\"title\\":{\\"type\\":\\"span\\",\\"key\\":\\"CVE-2019-6454\\",\\"ref\\":null,\\"props\\":{\\"children\\":\\"High\\"},\\"_owner\\":null,\\"_store\\":{}}},{\\"title\\":{\\"type\\":\\"span\\",\\"key\\":\\"CVE-2019-6454\\",\\"ref\\":null,\\"props\\":{\\"children\\":[\\"\\",\\" \\",\\"On-hold\\"]},\\"_owner\\":null,\\"_store\\":{}}}],\\"isOpen\\":false,\\"selected\\":false},{\\"cells\\":[{\\"title\\":{\\"key\\":null,\\"ref\\":null,\\"props\\":{\\"children\\":[{\\"key\\":null,\\"ref\\":null,\\"props\\":{\\"children\\":\\"Description\\"},\\"_owner\\":null,\\"_store\\":{}},{\\"key\\":null,\\"ref\\":null,\\"props\\":{\\"component\\":\\"p\\",\\"children\\":\\"** RESERVED ** This candidate\\"},\\"_owner\\":null,\\"_store\\":{}}]},\\"_owner\\":null,\\"_store\\":{}}}],\\"parent\\":0},{\\"id\\":\\"CVE-2019-6116\\",\\"business_risk_id\\":\\"1\\",\\"status_id\\":1,\\"cells\\":[{\\"title\\":{\\"type\\":\\"span\\",\\"key\\":\\"CVE-2019-6116\\",\\"ref\\":null,\\"props\\":{\\"children\\":{\\"key\\":null,\\"ref\\":null,\\"props\\":{\\"to\\":\\"/cves/CVE-2019-6116\\",\\"children\\":\\"CVE-2019-6116\\",\\"replace\\":false},\\"_owner\\":null,\\"_store\\":{}}},\\"_owner\\":null,\\"_store\\":{}}},{\\"title\\":{\\"type\\":\\"span\\",\\"key\\":\\"CVE-2019-6116\\",\\"ref\\":null,\\"props\\":{\\"children\\":\\"23 Jan 2019\\"},\\"_owner\\":null,\\"_store\\":{}}},{\\"title\\":{\\"type\\":\\"span\\",\\"key\\":\\"CVE-2019-6116\\",\\"ref\\":null,\\"props\\":{\\"children\\":{\\"key\\":null,\\"ref\\":null,\\"props\\":{\\"impact\\":\\"Important\\",\\"hasLabel\\":true,\\"size\\":\\"sm\\",\\"hasTooltip\\":true},\\"_owner\\":null,\\"_store\\":{}}},\\"_owner\\":null,\\"_store\\":{}}},{\\"title\\":{\\"type\\":\\"span\\",\\"key\\":\\"CVE-2019-6116\\",\\"ref\\":null,\\"props\\":{\\"children\\":\\"7.3\\"},\\"_owner\\":null,\\"_store\\":{}}},{\\"title\\":{\\"type\\":\\"span\\",\\"key\\":\\"CVE-2019-6116\\",\\"ref\\":null,\\"props\\":{\\"children\\":{\\"type\\":\\"a\\",\\"key\\":null,\\"ref\\":null,\\"props\\":{\\"href\\":\\"http://localhost/rhel/vulnerability/cves/CVE-2019-6116\\",\\"children\\":\\"2\\"},\\"_owner\\":null,\\"_store\\":{}}},\\"_owner\\":null,\\"_store\\":{}}},{\\"title\\":{\\"type\\":\\"span\\",\\"key\\":\\"CVE-2019-6116\\",\\"ref\\":null,\\"props\\":{\\"children\\":\\"Low\\"},\\"_owner\\":null,\\"_store\\":{}}},{\\"title\\":{\\"type\\":\\"span\\",\\"key\\":\\"CVE-2019-6116\\",\\"ref\\":null,\\"props\\":{\\"children\\":[\\"\\",\\" \\",\\"In-review\\"]},\\"_owner\\":null,\\"_store\\":{}}}],\\"isOpen\\":false,\\"selected\\":false},{\\"cells\\":[{\\"title\\":{\\"key\\":null,\\"ref\\":null,\\"props\\":{\\"children\\":[{\\"key\\":null,\\"ref\\":null,\\"props\\":{\\"children\\":\\"Description\\"},\\"_owner\\":null,\\"_store\\":{}},{\\"key\\":null,\\"ref\\":null,\\"props\\":{\\"component\\":\\"p\\",\\"children\\":\\"It was found that ghostscript\\"},\\"_owner\\":null,\\"_store\\":{}}]},\\"_owner\\":null,\\"_store\\":{}}}],\\"parent\\":2},{\\"id\\":\\"CVE-2019-3815\\",\\"business_risk_id\\":\\"2\\",\\"status_id\\":2,\\"cells\\":[{\\"title\\":{\\"type\\":\\"span\\",\\"key\\":\\"CVE-2019-3815\\",\\"ref\\":null,\\"props\\":{\\"children\\":{\\"key\\":null,\\"ref\\":null,\\"props\\":{\\"to\\":\\"/cves/CVE-2019-3815\\",\\"children\\":\\"CVE-2019-3815\\",\\"replace\\":false},\\"_owner\\":null,\\"_store\\":{}}},\\"_owner\\":null,\\"_store\\":{}}},{\\"title\\":{\\"type\\":\\"span\\",\\"key\\":\\"CVE-2019-3815\\",\\"ref\\":null,\\"props\\":{\\"children\\":\\"14 Jan 2019\\"},\\"_owner\\":null,\\"_store\\":{}}},{\\"title\\":{\\"type\\":\\"span\\",\\"key\\":\\"CVE-2019-3815\\",\\"ref\\":null,\\"props\\":{\\"children\\":{\\"key\\":null,\\"ref\\":null,\\"props\\":{\\"impact\\":\\"Low\\",\\"hasLabel\\":true,\\"size\\":\\"sm\\",\\"hasTooltip\\":true},\\"_owner\\":null,\\"_store\\":{}}},\\"_owner\\":null,\\"_store\\":{}}},{\\"title\\":{\\"type\\":\\"span\\",\\"key\\":\\"CVE-2019-3815\\",\\"ref\\":null,\\"props\\":{\\"children\\":\\"3.3\\"},\\"_owner\\":null,\\"_store\\":{}}},{\\"title\\":{\\"type\\":\\"span\\",\\"key\\":\\"CVE-2019-3815\\",\\"ref\\":null,\\"props\\":{\\"children\\":{\\"type\\":\\"a\\",\\"key\\":null,\\"ref\\":null,\\"props\\":{\\"href\\":\\"http://localhost/rhel/vulnerability/cves/CVE-2019-3815\\",\\"children\\":\\"2\\"},\\"_owner\\":null,\\"_store\\":{}}},\\"_owner\\":null,\\"_store\\":{}}},{\\"title\\":{\\"type\\":\\"span\\",\\"key\\":\\"CVE-2019-3815\\",\\"ref\\":null,\\"props\\":{\\"children\\":\\"Medium\\"},\\"_owner\\":null,\\"_store\\":{}}},{\\"title\\":{\\"type\\":\\"span\\",\\"key\\":\\"CVE-2019-3815\\",\\"ref\\":null,\\"props\\":{\\"children\\":[\\"\\",\\" \\",\\"On-hold\\"]},\\"_owner\\":null,\\"_store\\":{}}}],\\"isOpen\\":false,\\"selected\\":false},{\\"cells\\":[{\\"title\\":{\\"key\\":null,\\"ref\\":null,\\"props\\":{\\"children\\":[{\\"key\\":null,\\"ref\\":null,\\"props\\":{\\"children\\":\\"Description\\"},\\"_owner\\":null,\\"_store\\":{}},{\\"key\\":null,\\"ref\\":null,\\"props\\":{\\"component\\":\\"p\\",\\"children\\":\\"A memory leak was discovered\\"},\\"_owner\\":null,\\"_store\\":{}}]},\\"_owner\\":null,\\"_store\\":{}}}],\\"parent\\":4}],\\"meta\\":{\\"page\\":1,\\"page_size\\":20,\\"total_items\\":248,\\"pages\\":10,\\"sort\\":\\"-public_date\\",\\"filter\\":\\"\\",\\"show_all\\":\\"false\\",\\"cvss_from\\":\\"\\",\\"cvss_to\\":\\"\\",\\"public_from\\":\\"\\",\\"public_to\\":\\"\\"},\\"isLoading\\":false}"`;
