// Jest Snapshot v1, https://goo.gl/fbAQLP

exports[`InsightsSystemRule Should render with rule 1`] = `
<DocumentFragment>
  <div
    class="pf-v5-c-content"
  >
    <h3
      class="pf-v5-u-pb-lg"
      data-ouia-component-id="OUIA-Generated-Text-7"
      data-ouia-component-type="PF5/Text"
      data-ouia-safe="true"
      data-pf-content="true"
    >
      <span
        class="vuln-label "
      >
        <div
          style="display: contents;"
        >
          <span
            class="pf-v5-c-label pf-m-blue cve-labels pf-v5-u-mr-sm"
          >
            <span
              class="pf-v5-c-label__content"
            >
              <span
                class="pf-v5-c-label__text"
              >
                Security rule 
              </span>
            </span>
          </span>
        </div>
      </span>
      <span
        class="rule-name"
      >
        CVE-2018-12126, CVE-2018-12127, CVE-2018-12130, CVE-2019-11091: "MDS" CPU side-channel reported by kernel
      </span>
    </h3>
  </div>
  <div
    class="pf-v5-c-card ins-c-inventory-insights__report-details__override"
    data-ouia-component-id="OUIA-Generated-Card-1"
    data-ouia-component-type="PF5/Card"
    data-ouia-safe="true"
    id=""
    style="box-shadow: none;"
  >
    <div
      class="pf-v5-c-card__body"
    >
      <div
        class="pf-v5-l-stack pf-m-gutter ins-c-inventory-advisor__card ins-c-rules-card"
        widget-type="InsightsRulesCard"
      >
        <div
          class="pf-v5-l-stack__item"
        >
          <div
            class="pf-v5-c-card ins-m-card__flat"
            data-ouia-component-id="OUIA-Generated-Card-2"
            data-ouia-component-type="PF5/Card"
            data-ouia-safe="true"
            id=""
          >
            <div
              class="pf-v5-c-card__header"
            >
              <div
                class="pf-v5-c-card__header-main"
              >
                <svg
                  aria-hidden="true"
                  class="pf-v5-svg ins-c-report-details-icon"
                  fill="currentColor"
                  height="1em"
                  role="img"
                  viewBox="0 0 496 512"
                  width="1em"
                >
                  <path
                    d="M248 8C111.03 8 0 119.03 0 256s111.03 248 248 248 248-111.03 248-248S384.97 8 248 8zm0 432c-101.69 0-184-82.29-184-184 0-101.69 82.29-184 184-184 101.69 0 184 82.29 184 184 0 101.69-82.29 184-184 184zm0-312c-70.69 0-128 57.31-128 128s57.31 128 128 128 128-57.31 128-128-57.31-128-128-128zm0 192c-35.29 0-64-28.71-64-64s28.71-64 64-64 64 28.71 64 64-28.71 64-64 64z"
                  />
                </svg>
                <strong>
                   Detected issues
                </strong>
              </div>
            </div>
            <div
              class="pf-v5-c-card__body"
            >
              <div>
                <p>
                  The system's kernel reports other vulnerable components as follows:
                </p>
                

                <p>
                  Mitigation: Clear CPU buffers; SMT vulnerable
                </p>
                

                <p>
                  It means:
                </p>
                

                <ul
                  class="pf-v5-c-list"
                  style="font-size: inherit"
                >
                  

                  <li>
                    It has a vulnerable CPU
                  </li>
                  

                  <li>
                    SMT is vulnerable
                  </li>
                  

                </ul>
                

              </div>
            </div>
          </div>
        </div>
        <div
          class="pf-v5-l-stack__item"
        >
          <div
            class="pf-v5-c-card ins-m-card__flat"
            data-ouia-component-id="OUIA-Generated-Card-3"
            data-ouia-component-type="PF5/Card"
            data-ouia-safe="true"
            id=""
          >
            <div
              class="pf-v5-c-card__header"
            >
              <div
                class="pf-v5-c-card__header-main"
              >
                <svg
                  aria-hidden="true"
                  class="pf-v5-svg ins-c-report-details-icon"
                  fill="currentColor"
                  height="1em"
                  role="img"
                  viewBox="0 0 512 512"
                  width="1em"
                >
                  <path
                    d="M104 224H24c-13.255 0-24 10.745-24 24v240c0 13.255 10.745 24 24 24h80c13.255 0 24-10.745 24-24V248c0-13.255-10.745-24-24-24zM64 472c-13.255 0-24-10.745-24-24s10.745-24 24-24 24 10.745 24 24-10.745 24-24 24zM384 81.452c0 42.416-25.97 66.208-33.277 94.548h101.723c33.397 0 59.397 27.746 59.553 58.098.084 17.938-7.546 37.249-19.439 49.197l-.11.11c9.836 23.337 8.237 56.037-9.308 79.469 8.681 25.895-.069 57.704-16.382 74.757 4.298 17.598 2.244 32.575-6.148 44.632C440.202 511.587 389.616 512 346.839 512l-2.845-.001c-48.287-.017-87.806-17.598-119.56-31.725-15.957-7.099-36.821-15.887-52.651-16.178-6.54-.12-11.783-5.457-11.783-11.998v-213.77c0-3.2 1.282-6.271 3.558-8.521 39.614-39.144 56.648-80.587 89.117-113.111 14.804-14.832 20.188-37.236 25.393-58.902C282.515 39.293 291.817 0 312 0c24 0 72 8 72 81.452z"
                  />
                </svg>
                <strong>
                   Steps to resolve
                </strong>
              </div>
            </div>
            <div
              class="pf-v5-c-card__body"
            >
              <div>
                <p>
                  Addressing the vulnerabilities reported by the kernel may require further steps such as disabling SMT in the system BIOS or via the kernel command line. See below for links to further documentation and tools to assist in making these changes.
                </p>
                

              </div>
            </div>
          </div>
        </div>
        <div
          class="pf-v5-l-stack__item"
        >
          <div
            class="pf-v5-c-card ins-m-card__flat"
            data-ouia-component-id="OUIA-Generated-Card-4"
            data-ouia-component-type="PF5/Card"
            data-ouia-safe="true"
            id=""
          >
            <div
              class="pf-v5-c-card__header"
            >
              <div
                class="pf-v5-c-card__header-main"
              >
                <svg
                  aria-hidden="true"
                  class="pf-v5-svg ins-c-report-details-icon"
                  fill="currentColor"
                  height="1em"
                  role="img"
                  viewBox="0 0 352 512"
                  width="1em"
                >
                  <path
                    d="M96.06 454.35c.01 6.29 1.87 12.45 5.36 17.69l17.09 25.69a31.99 31.99 0 0 0 26.64 14.28h61.71a31.99 31.99 0 0 0 26.64-14.28l17.09-25.69a31.989 31.989 0 0 0 5.36-17.69l.04-38.35H96.01l.05 38.35zM0 176c0 44.37 16.45 84.85 43.56 115.78 16.52 18.85 42.36 58.23 52.21 91.45.04.26.07.52.11.78h160.24c.04-.26.07-.51.11-.78 9.85-33.22 35.69-72.6 52.21-91.45C335.55 260.85 352 220.37 352 176 352 78.61 272.91-.3 175.45 0 73.44.31 0 82.97 0 176zm176-80c-44.11 0-80 35.89-80 80 0 8.84-7.16 16-16 16s-16-7.16-16-16c0-61.76 50.24-112 112-112 8.84 0 16 7.16 16 16s-7.16 16-16 16z"
                  />
                </svg>
                <strong>
                   Related Knowledgebase article 
                </strong>
              </div>
            </div>
            <div
              class="pf-v5-c-card__body"
            >
              <a
                href="https://access.redhat.com/node/34556"
                rel="noopener noreferrer"
                target="_blank"
              >
                Knowledgebase article
                <svg
                  aria-hidden="true"
                  class="pf-v5-svg"
                  fill="currentColor"
                  height="1em"
                  role="img"
                  viewBox="0 0 512 512"
                  width="1em"
                >
                  <path
                    d="M432,320H400a16,16,0,0,0-16,16V448H64V128H208a16,16,0,0,0,16-16V80a16,16,0,0,0-16-16H48A48,48,0,0,0,0,112V464a48,48,0,0,0,48,48H400a48,48,0,0,0,48-48V336A16,16,0,0,0,432,320ZM488,0h-128c-21.37,0-32.05,25.91-17,41l35.73,35.73L135,320.37a24,24,0,0,0,0,34L157.67,377a24,24,0,0,0,34,0L435.28,133.32,471,169c15,15,41,4.5,41-17V24A24,24,0,0,0,488,0Z"
                  />
                </svg>
              </a>
            </div>
          </div>
        </div>
        <div
          class="pf-v5-l-stack__item"
        >
          <div
            class="pf-v5-c-card ins-m-card__flat"
            data-ouia-component-id="OUIA-Generated-Card-5"
            data-ouia-component-type="PF5/Card"
            data-ouia-safe="true"
            id=""
          >
            <div
              class="pf-v5-c-card__header"
            >
              <div
                class="pf-v5-c-card__header-main"
              >
                <svg
                  aria-hidden="true"
                  class="pf-v5-svg ins-c-report-details-icon"
                  fill="currentColor"
                  height="1em"
                  role="img"
                  viewBox="0 0 512 512"
                  width="1em"
                >
                  <path
                    d="M256 8C119.043 8 8 119.083 8 256c0 136.997 111.043 248 248 248s248-111.003 248-248C504 119.083 392.957 8 256 8zm0 110c23.196 0 42 18.804 42 42s-18.804 42-42 42-42-18.804-42-42 18.804-42 42-42zm56 254c0 6.627-5.373 12-12 12h-88c-6.627 0-12-5.373-12-12v-24c0-6.627 5.373-12 12-12h12v-64h-12c-6.627 0-12-5.373-12-12v-24c0-6.627 5.373-12 12-12h64c6.627 0 12 5.373 12 12v100h12c6.627 0 12 5.373 12 12v24z"
                  />
                </svg>
                <strong>
                   Additional info 
                </strong>
              </div>
            </div>
            <div
              class="pf-v5-c-card__body"
            >
              <div>
                <ul
                  class="pf-v5-c-list"
                  style="font-size: inherit"
                >
                  

                  <li>
                    For more information about the flaw, see 
                    <a
                      href="https://access.redhat.com/security/vulnerabilities/mds"
                    >
                      the vulnerability article 
                    </a>
                    .
                  </li>
                  

                  <li>
                    For guidance in disabling hyper-threading, see the article 
                    <a
                      href="https://access.redhat.com/solutions/rhel-smt"
                    >
                      Reviewing and Disabling Hyper-Threading in Red Hat Enterprise Linux 
                    </a>
                    .
                  </li>
                  

                  <li>
                    For information about the performance impact of disabling hyperthreading, see the 
                    <strong>
                      Disabling Hyper-Threading
                    </strong>
                     section of the article 
                    <a
                      href="https://access.redhat.com/security/vulnerabilities/L1TF-perf"
                    >
                      Performance Considerations for L1 Terminal Fault 
                    </a>
                    .
                  </li>
                  

                  <li>
                    Similar vulnerabilities are listed on the 
                    <a
                      href="https://access.redhat.com/articles/4067611"
                    >
                      CPU Side Channel Attack Index Page 
                    </a>
                    .
                  </li>
                  

                  <li>
                    For information about the microcode availability, see 
                    <a
                      href="https://access.redhat.com/articles/4138151"
                    >
                      Is CPU Microcode available to address the CVEs? 
                    </a>
                    .
                  </li>
                  

                  <li>
                    For information about detecting mitigations in hosted environments, see the article 
                    <a
                      href="https://access.redhat.com/solution/CPUSideChannelMicrocode"
                    >
                      CPU Side Channel Microcode Detection in Hosted/Cloud Environments 
                    </a>
                    .
                  </li>
                  

                  <li>
                    To learn how to upgrade packages, see 
                    <a
                      href="https://access.redhat.com/solutions/9934"
                    >
                      What is yum and how do I use it? 
                    </a>
                    .
                  </li>
                  

                  <li>
                    The Customer Portal page for the 
                    <a
                      href="https://access.redhat.com/security/"
                    >
                      Red Hat Security Team 
                    </a>
                     contains more information about policies, procedures, and alerts for Red Hat products.
                  </li>
                  

                  <li>
                    The Security Team also maintains a frequently updated blog at 
                    <a
                      href="https://securityblog.redhat.com"
                    >
                      securityblog.redhat.com 
                    </a>
                    .
                  </li>
                  

                </ul>
                

              </div>
            </div>
          </div>
        </div>
      </div>
    </div>
  </div>
</DocumentFragment>
`;

exports[`InsightsSystemRule Should render without rule  1`] = `
<DocumentFragment>
  <div
    class="pf-v5-c-content"
  >
    <p
      class=""
      data-ouia-component-id="OUIA-Generated-Text-1"
      data-ouia-component-type="PF5/Text"
      data-ouia-safe="true"
      data-pf-content="true"
    >
      This system is affected by , but is not affected by any security rules associated with this CVE.
    </p>
    <p
      class="pf-v5-u-mb-sm"
      data-ouia-component-id="OUIA-Generated-Text-2"
      data-ouia-component-type="PF5/Text"
      data-ouia-safe="true"
      data-pf-content="true"
    >
      Security rules are written by Red Hat to help you configure your systems.
    </p>
    <a
      class=""
      data-ouia-component-id="OUIA-Generated-Text-3"
      data-ouia-component-type="PF5/Text"
      data-ouia-safe="true"
      data-pf-content="true"
      href="https://access.redhat.com/articles/2968471"
      rel="noopener noreferrer"
      target="_blank"
    >
      Learn more about security rules
    </a>
  </div>
</DocumentFragment>
`;
